Component: ARM Compiler 5.06 update 7 (build 960) Tool: armlink [4d3601]

==============================================================================

Section Cross References

    startup_stm32f413xx.o(STACK) refers (Special) to heapauxi.o(.text) for __use_two_region_memory
    startup_stm32f413xx.o(HEAP) refers (Special) to heapauxi.o(.text) for __use_two_region_memory
    startup_stm32f413xx.o(RESET) refers (Special) to heapauxi.o(.text) for __use_two_region_memory
    startup_stm32f413xx.o(RESET) refers to startup_stm32f413xx.o(STACK) for __initial_sp
    startup_stm32f413xx.o(RESET) refers to startup_stm32f413xx.o(.text) for Reset_Handler
    startup_stm32f413xx.o(RESET) refers to stm32f4xx_it.o(i.NMI_Handler) for NMI_Handler
    startup_stm32f413xx.o(RESET) refers to stm32f4xx_it.o(i.HardFault_Handler) for HardFault_Handler
    startup_stm32f413xx.o(RESET) refers to stm32f4xx_it.o(i.MemManage_Handler) for MemManage_Handler
    startup_stm32f413xx.o(RESET) refers to stm32f4xx_it.o(i.BusFault_Handler) for BusFault_Handler
    startup_stm32f413xx.o(RESET) refers to stm32f4xx_it.o(i.UsageFault_Handler) for UsageFault_Handler
    startup_stm32f413xx.o(RESET) refers to stm32f4xx_it.o(i.SVC_Handler) for SVC_Handler
    startup_stm32f413xx.o(RESET) refers to stm32f4xx_it.o(i.DebugMon_Handler) for DebugMon_Handler
    startup_stm32f413xx.o(RESET) refers to stm32f4xx_it.o(i.PendSV_Handler) for PendSV_Handler
    startup_stm32f413xx.o(RESET) refers to stm32f4xx_it.o(i.SysTick_Handler) for SysTick_Handler
    startup_stm32f413xx.o(RESET) refers to stm32f4xx_it.o(i.OTG_FS_IRQHandler) for OTG_FS_IRQHandler
    startup_stm32f413xx.o(.text) refers (Special) to heapauxi.o(.text) for __use_two_region_memory
    startup_stm32f413xx.o(.text) refers to system_stm32f4xx.o(i.SystemInit) for SystemInit
    startup_stm32f413xx.o(.text) refers to __main.o(!!!main) for __main
    startup_stm32f413xx.o(.text) refers to startup_stm32f413xx.o(HEAP) for Heap_Mem
    startup_stm32f413xx.o(.text) refers to startup_stm32f413xx.o(STACK) for Stack_Mem
    main.o(i.SystemClock_Config) refers to rt_memclr_w.o(.text) for __aeabi_memclr4
    main.o(i.SystemClock_Config) refers to stm32f4xx_hal_rcc_ex.o(i.HAL_RCC_OscConfig) for HAL_RCC_OscConfig
    main.o(i.SystemClock_Config) refers to stm32f4xx_hal_rcc.o(i.HAL_RCC_ClockConfig) for HAL_RCC_ClockConfig
    main.o(i.main) refers to stm32f4xx_hal.o(i.HAL_Init) for HAL_Init
    main.o(i.main) refers to main.o(i.SystemClock_Config) for SystemClock_Config
    main.o(i.main) refers to gpio.o(i.MX_GPIO_Init) for MX_GPIO_Init
    main.o(i.main) refers to usb_device.o(i.MX_USB_DEVICE_Init) for MX_USB_DEVICE_Init
    main.o(i.main) refers to spi.o(i.MX_SPI1_Init) for MX_SPI1_Init
    main.o(i.main) refers to usart.o(i.MX_USART2_UART_Init) for MX_USART2_UART_Init
    main.o(i.main) refers to quadspi.o(i.MX_QUADSPI_Init) for MX_QUADSPI_Init
    main.o(i.main) refers to usbd_cdc_if.o(i.usb_printf) for usb_printf
    main.o(i.main) refers to stm32f4xx_hal.o(i.HAL_Delay) for HAL_Delay
    gpio.o(i.MX_GPIO_Init) refers to rt_memclr_w.o(.text) for __aeabi_memclr4
    gpio.o(i.MX_GPIO_Init) refers to stm32f4xx_hal_gpio.o(i.HAL_GPIO_WritePin) for HAL_GPIO_WritePin
    gpio.o(i.MX_GPIO_Init) refers to stm32f4xx_hal_gpio.o(i.HAL_GPIO_Init) for HAL_GPIO_Init
    quadspi.o(i.HAL_QSPI_MspDeInit) refers to stm32f4xx_hal_gpio.o(i.HAL_GPIO_DeInit) for HAL_GPIO_DeInit
    quadspi.o(i.HAL_QSPI_MspInit) refers to rt_memclr_w.o(.text) for __aeabi_memclr4
    quadspi.o(i.HAL_QSPI_MspInit) refers to stm32f4xx_hal_gpio.o(i.HAL_GPIO_Init) for HAL_GPIO_Init
    quadspi.o(i.MX_QUADSPI_Init) refers to stm32f4xx_hal_qspi.o(i.HAL_QSPI_Init) for HAL_QSPI_Init
    quadspi.o(i.MX_QUADSPI_Init) refers to main.o(i.Error_Handler) for Error_Handler
    quadspi.o(i.MX_QUADSPI_Init) refers to quadspi.o(.bss) for .bss
    spi.o(i.HAL_SPI_MspDeInit) refers to stm32f4xx_hal_gpio.o(i.HAL_GPIO_DeInit) for HAL_GPIO_DeInit
    spi.o(i.HAL_SPI_MspInit) refers to rt_memclr_w.o(.text) for __aeabi_memclr4
    spi.o(i.HAL_SPI_MspInit) refers to stm32f4xx_hal_gpio.o(i.HAL_GPIO_Init) for HAL_GPIO_Init
    spi.o(i.MX_SPI1_Init) refers to stm32f4xx_hal_spi.o(i.HAL_SPI_Init) for HAL_SPI_Init
    spi.o(i.MX_SPI1_Init) refers to main.o(i.Error_Handler) for Error_Handler
    spi.o(i.MX_SPI1_Init) refers to spi.o(.bss) for .bss
    usart.o(i.HAL_UART_MspDeInit) refers to stm32f4xx_hal_gpio.o(i.HAL_GPIO_DeInit) for HAL_GPIO_DeInit
    usart.o(i.HAL_UART_MspInit) refers to rt_memclr_w.o(.text) for __aeabi_memclr4
    usart.o(i.HAL_UART_MspInit) refers to stm32f4xx_hal_gpio.o(i.HAL_GPIO_Init) for HAL_GPIO_Init
    usart.o(i.MX_USART2_UART_Init) refers to stm32f4xx_hal_uart.o(i.HAL_UART_Init) for HAL_UART_Init
    usart.o(i.MX_USART2_UART_Init) refers to main.o(i.Error_Handler) for Error_Handler
    usart.o(i.MX_USART2_UART_Init) refers to usart.o(.bss) for .bss
[...]
    __rt_lib_init_lc_numeric_2               0x080002f5   Thumb Code     0  libinit2.o(.ARM.Collect$$libinit$$00000016)
    __rt_lib_init_alloca_1                   0x080002ff   Thumb Code     0  libinit2.o(.ARM.Collect$$libinit$$0000002E)
    __rt_lib_init_argv_1                     0x080002ff   Thumb Code     0  libinit2.o(.ARM.Collect$$libinit$$0000002C)
    __rt_lib_init_atexit_1                   0x080002ff   Thumb Code     0  libinit2.o(.ARM.Collect$$libinit$$0000001B)
    __rt_lib_init_clock_1                    0x080002ff   Thumb Code     0  libinit2.o(.ARM.Collect$$libinit$$00000021)
    __rt_lib_init_cpp_1                      0x080002ff   Thumb Code     0  libinit2.o(.ARM.Collect$$libinit$$00000032)
    __rt_lib_init_exceptions_1               0x080002ff   Thumb Code     0  libinit2.o(.ARM.Collect$$libinit$$00000030)
    __rt_lib_init_fp_trap_1                  0x080002ff   Thumb Code     0  libinit2.o(.ARM.Collect$$libinit$$0000001F)
    __rt_lib_init_getenv_1                   0x080002ff   Thumb Code     0  libinit2.o(.ARM.Collect$$libinit$$00000023)
    __rt_lib_init_lc_numeric_1               0x080002ff   Thumb Code     0  libinit2.o(.ARM.Collect$$libinit$$00000017)
    __rt_lib_init_lc_time_1                  0x080002ff   Thumb Code     0  libinit2.o(.ARM.Collect$$libinit$$00000019)
    __rt_lib_init_return                     0x080002ff   Thumb Code     0  libinit2.o(.ARM.Collect$$libinit$$00000033)
    __rt_lib_init_signal_1                   0x080002ff   Thumb Code     0  libinit2.o(.ARM.Collect$$libinit$$0000001D)
    __rt_lib_init_stdio_1                    0x080002ff   Thumb Code     0  libinit2.o(.ARM.Collect$$libinit$$00000025)
    __rt_lib_shutdown                        0x08000301   Thumb Code     0  libshutdown.o(.ARM.Collect$$libshutdown$$00000000)
    __rt_lib_shutdown_cpp_1                  0x08000303   Thumb Code     0  libshutdown2.o(.ARM.Collect$$libshutdown$$00000004)
    __rt_lib_shutdown_fini_1                 0x08000303   Thumb Code     0  libshutdown2.o(.ARM.Collect$$libshutdown$$00000002)
    __rt_lib_shutdown_fp_trap_1              0x08000303   Thumb Code     0  libshutdown2.o(.ARM.Collect$$libshutdown$$00000009)
    __rt_lib_shutdown_heap_1                 0x08000303   Thumb Code     0  libshutdown2.o(.ARM.Collect$$libshutdown$$00000011)
    __rt_lib_shutdown_return                 0x08000303   Thumb Code     0  libshutdown2.o(.ARM.Collect$$libshutdown$$00000012)
    __rt_lib_shutdown_signal_1               0x08000303   Thumb Code     0  libshutdown2.o(.ARM.Collect$$libshutdown$$0000000C)
    __rt_lib_shutdown_stdio_1                0x08000303   Thumb Code     0  libshutdown2.o(.ARM.Collect$$libshutdown$$00000006)
    __rt_lib_shutdown_user_alloc_1           0x08000303   Thumb Code     0  libshutdown2.o(.ARM.Collect$$libshutdown$$0000000E)
    __rt_entry                               0x08000305   Thumb Code     0  __rtentry.o(.ARM.Collect$$rtentry$$00000000)
    __rt_entry_presh_1                       0x08000305   Thumb Code     0  __rtentry2.o(.ARM.Collect$$rtentry$$00000002)
    __rt_entry_sh                            0x08000305   Thumb Code     0  __rtentry4.o(.ARM.Collect$$rtentry$$00000004)
    __rt_entry_li                            0x0800030b   Thumb Code     0  __rtentry2.o(.ARM.Collect$$rtentry$$0000000A)
    __rt_entry_postsh_1                      0x0800030b   Thumb Code     0  __rtentry2.o(.ARM.Collect$$rtentry$$00000009)
    __rt_entry_main                          0x0800030f   Thumb Code     0  __rtentry2.o(.ARM.Collect$$rtentry$$0000000D)
    __rt_entry_postli_1                      0x0800030f   Thumb Code     0  __rtentry2.o(.ARM.Collect$$rtentry$$0000000C)
    __rt_exit                                0x08000317   Thumb Code     0  rtexit.o(.ARM.Collect$$rtexit$$00000000)
    __rt_exit_ls                             0x08000319   Thumb Code     0  rtexit2.o(.ARM.Collect$$rtexit$$00000003)
    __rt_exit_prels_1                        0x08000319   Thumb Code     0  rtexit2.o(.ARM.Collect$$rtexit$$00000002)
    __rt_exit_exit                           0x0800031d   Thumb Code     0  rtexit2.o(.ARM.Collect$$rtexit$$00000004)
    Reset_Handler                            0x08000325   Thumb Code     8  startup_stm32f413xx.o(.text)
    ADC_IRQHandler                           0x0800033f   Thumb Code     0  startup_stm32f413xx.o(.text)
    CAN1_RX0_IRQHandler                      0x0800033f   Thumb Code     0  startup_stm32f413xx.o(.text)
    CAN1_RX1_IRQHandler                      0x0800033f   Thumb Code     0  startup_stm32f413xx.o(.text)
    CAN1_SCE_IRQHandler                      0x0800033f   Thumb Code     0  startup_stm32f413xx.o(.text)
    CAN1_TX_IRQHandler                       0x0800033f   Thumb Code     0  startup_stm32f413xx.o(.text)
    CAN2_RX0_IRQHandler                      0x0800033f   Thumb Code     0  startup_stm32f413xx.o(.text)
    CAN2_RX1_IRQHandler                      0x0800033f   Thumb Code     0  startup_stm32f413xx.o(.text)
    CAN2_SCE_IRQHandler                      0x0800033f   Thumb Code     0  startup_stm32f413xx.o(.text)
    CAN2_TX_IRQHandler                       0x0800033f   Thumb Code     0  startup_stm32f413xx.o(.text)
    CAN3_RX0_IRQHandler                      0x0800033f   Thumb Code     0  startup_stm32f413xx.o(.text)
    CAN3_RX1_IRQHandler                      0x0800033f   Thumb Code     0  startup_stm32f413xx.o(.text)
    CAN3_SCE_IRQHandler                      0x0800033f   Thumb Code     0  startup_stm32f413xx.o(.text)
    CAN3_TX_IRQHandler                       0x0800033f   Thumb Code     0  startup_stm32f413xx.o(.text)
    DFSDM1_FLT0_IRQHandler                   0x0800033f   Thumb Code     0  startup_stm32f413xx.o(.text)
    DFSDM1_FLT1_IRQHandler                   0x0800033f   Thumb Code     0  startup_stm32f413xx.o(.text)
    DFSDM2_FLT0_IRQHandler                   0x0800033f   Thumb Code     0  startup_stm32f413xx.o(.text)
    DFSDM2_FLT1_IRQHandler                   0x0800033f   Thumb Code     0  startup_stm32f413xx.o(.text)
    DFSDM2_FLT2_IRQHandler                   0x0800033f   Thumb Code     0  startup_stm32f413xx.o(.text)
    DFSDM2_FLT3_IRQHandler                   0x0800033f   Thumb Code     0  startup_stm32f413xx.o(.text)
    DMA1_Stream0_IRQHandler                  0x0800033f   Thumb Code     0  startup_stm32f413xx.o(.text)
    DMA1_Stream1_IRQHandler                  0x0800033f   Thumb Code     0  startup_stm32f413xx.o(.text)
    DMA1_Stream2_IRQHandler                  0x0800033f   Thumb Code     0  startup_stm32f413xx.o(.text)
    DMA1_Stream3_IRQHandler                  0x0800033f   Thumb Code     0  startup_stm32f413xx.o(.text)
    DMA1_Stream4_IRQHandler                  0x0800033f   Thumb Code     0  startup_stm32f413xx.o(.text)
    DMA1_Stream5_IRQHandler                  0x0800033f   Thumb Code     0  startup_stm32f413xx.o(.text)
    DMA1_Stream6_IRQHandler                  0x0800033f   Thumb Code     0  startup_stm32f413xx.o(.text)
    DMA1_Stream7_IRQHandler                  0x0800033f   Thumb Code     0  startup_stm32f413xx.o(.text)
    DMA2_Stream0_IRQHandler                  0x0800033f   Thumb Code     0  startup_stm32f413xx.o(.text)
    DMA2_Stream1_IRQHandler                  0x0800033f   Thumb Code     0  startup_stm32f413xx.o(.text)
    DMA2_Stream2_IRQHandler                  0x0800033f   Thumb Code     0  startup_stm32f413xx.o(.text)
    DMA2_Stream3_IRQHandler                  0x0800033f   Thumb Code     0  startup_stm32f413xx.o(.text)
    DMA2_Stream4_IRQHandler                  0x0800033f   Thumb Code     0  startup_stm32f413xx.o(.text)
    DMA2_Stream5_IRQHandler                  0x0800033f   Thumb Code     0  startup_stm32f413xx.o(.text)
    DMA2_Stream6_IRQHandler                  0x0800033f   Thumb Code     0  startup_stm32f413xx.o(.text)
    DMA2_Stream7_IRQHandler                  0x0800033f   Thumb Code     0  startup_stm32f413xx.o(.text)
    EXTI0_IRQHandler                         0x0800033f   Thumb Code     0  startup_stm32f413xx.o(.text)
    EXTI15_10_IRQHandler                     0x0800033f   Thumb Code     0  startup_stm32f413xx.o(.text)
    EXTI1_IRQHandler                         0x0800033f   Thumb Code     0  startup_stm32f413xx.o(.text)
    EXTI2_IRQHandler                         0x0800033f   Thumb Code     0  startup_stm32f413xx.o(.text)
    EXTI3_IRQHandler                         0x0800033f   Thumb Code     0  startup_stm32f413xx.o(.text)
    EXTI4_IRQHandler                         0x0800033f   Thumb Code     0  startup_stm32f413xx.o(.text)
    EXTI9_5_IRQHandler                       0x0800033f   Thumb Code     0  startup_stm32f413xx.o(.text)
    FLASH_IRQHandler                         0x0800033f   Thumb Code     0  startup_stm32f413xx.o(.text)
    FMPI2C1_ER_IRQHandler                    0x0800033f   Thumb Code     0  startup_stm32f413xx.o(.text)
    FMPI2C1_EV_IRQHandler                    0x0800033f   Thumb Code     0  startup_stm32f413xx.o(.text)
    FPU_IRQHandler                           0x0800033f   Thumb Code     0  startup_stm32f413xx.o(.text)
    FSMC_IRQHandler                          0x0800033f   Thumb Code     0  startup_stm32f413xx.o(.text)
    I2C1_ER_IRQHandler                       0x0800033f   Thumb Code     0  startup_stm32f413xx.o(.text)
    I2C1_EV_IRQHandler                       0x0800033f   Thumb Code     0  startup_stm32f413xx.o(.text)
    I2C2_ER_IRQHandler                       0x0800033f   Thumb Code     0  startup_stm32f413xx.o(.text)
    I2C2_EV_IRQHandler                       0x0800033f   Thumb Code     0  startup_stm32f413xx.o(.text)
    I2C3_ER_IRQHandler                       0x0800033f   Thumb Code     0  startup_stm32f413xx.o(.text)
    I2C3_EV_IRQHandler                       0x0800033f   Thumb Code     0  startup_stm32f413xx.o(.text)
    LPTIM1_IRQHandler                        0x0800033f   Thumb Code     0  startup_stm32f413xx.o(.text)
    OTG_FS_WKUP_IRQHandler                   0x0800033f   Thumb Code     0  startup_stm32f413xx.o(.text)
    PVD_IRQHandler                           0x0800033f   Thumb Code     0  startup_stm32f413xx.o(.text)
    QUADSPI_IRQHandler                       0x0800033f   Thumb Code     0  startup_stm32f413xx.o(.text)
    RCC_IRQHandler                           0x0800033f   Thumb Code     0  startup_stm32f413xx.o(.text)
    RNG_IRQHandler                           0x0800033f   Thumb Code     0  startup_stm32f413xx.o(.text)
    RTC_Alarm_IRQHandler                     0x0800033f   Thumb Code     0  startup_stm32f413xx.o(.text)
    RTC_WKUP_IRQHandler                      0x0800033f   Thumb Code     0  startup_stm32f413xx.o(.text)
    SAI1_IRQHandler                          0x0800033f   Thumb Code     0  startup_stm32f413xx.o(.text)
    SDIO_IRQHandler                          0x0800033f   Thumb Code     0  startup_stm32f413xx.o(.text)
    SPI1_IRQHandler                          0x0800033f   Thumb Code     0  startup_stm32f413xx.o(.text)
    SPI2_IRQHandler                          0x0800033f   Thumb Code     0  startup_stm32f413xx.o(.text)
    SPI3_IRQHandler                          0x0800033f   Thumb Code     0  startup_stm32f413xx.o(.text)
    SPI4_IRQHandler                          0x0800033f   Thumb Code     0  startup_stm32f413xx.o(.text)
    SPI5_IRQHandler                          0x0800033f   Thumb Code     0  startup_stm32f413xx.o(.text)
    TAMP_STAMP_IRQHandler                    0x0800033f   Thumb Code     0  startup_stm32f413xx.o(.text)
    TIM1_BRK_TIM9_IRQHandler                 0x0800033f   Thumb Code     0  startup_stm32f413xx.o(.text)
    TIM1_CC_IRQHandler                       0x0800033f   Thumb Code     0  startup_stm32f413xx.o(.text)
    TIM1_TRG_COM_TIM11_IRQHandler            0x0800033f   Thumb Code     0  startup_stm32f413xx.o(.text)
    TIM1_UP_TIM10_IRQHandler                 0x0800033f   Thumb Code     0  startup_stm32f413xx.o(.text)
    TIM2_IRQHandler                          0x0800033f   Thumb Code     0  startup_stm32f413xx.o(.text)
    TIM3_IRQHandler                          0x0800033f   Thumb Code     0  startup_stm32f413xx.o(.text)
    TIM4_IRQHandler                          0x0800033f   Thumb Code     0  startup_stm32f413xx.o(.text)
    TIM5_IRQHandler                          0x0800033f   Thumb Code     0  startup_stm32f413xx.o(.text)
    TIM6_DAC_IRQHandler                      0x0800033f   Thumb Code     0  startup_stm32f413xx.o(.text)
    TIM7_IRQHandler                          0x0800033f   Thumb Code     0  startup_stm32f413xx.o(.text)
    TIM8_BRK_TIM12_IRQHandler                0x0800033f   Thumb Code     0  startup_stm32f413xx.o(.text)
    TIM8_CC_IRQHandler                       0x0800033f   Thumb Code     0  startup_stm32f413xx.o(.text)
    TIM8_TRG_COM_TIM14_IRQHandler            0x0800033f   Thumb Code     0  startup_stm32f413xx.o(.text)
    TIM8_UP_TIM13_IRQHandler                 0x0800033f   Thumb Code     0  startup_stm32f413xx.o(.text)
    UART10_IRQHandler                        0x0800033f   Thumb Code     0  startup_stm32f413xx.o(.text)
    UART4_IRQHandler                         0x0800033f   Thumb Code     0  startup_stm32f413xx.o(.text)
    UART5_IRQHandler                         0x0800033f   Thumb Code     0  startup_stm32f413xx.o(.text)
    UART7_IRQHandler                         0x0800033f   Thumb Code     0  startup_stm32f413xx.o(.text)
    UART8_IRQHandler                         0x0800033f   Thumb Code     0  startup_stm32f413xx.o(.text)
    UART9_IRQHandler                         0x0800033f   Thumb Code     0  startup_stm32f413xx.o(.text)
    USART1_IRQHandler                        0x0800033f   Thumb Code     0  startup_stm32f413xx.o(.text)
    USART2_IRQHandler                        0x0800033f   Thumb Code     0  startup_stm32f413xx.o(.text)
    USART3_IRQHandler                        0x0800033f   Thumb Code     0  startup_stm32f413xx.o(.text)
    USART6_IRQHandler                        0x0800033f   Thumb Code     0  startup_stm32f413xx.o(.text)
    WWDG_IRQHandler                          0x0800033f   Thumb Code     0  startup_stm32f413xx.o(.text)
    __user_initial_stackheap                 0x08000341   Thumb Code     0  startup_stm32f413xx.o(.text)
    __aeabi_uldivmod                         0x08000365   Thumb Code     0  lludivv7m.o(.text)
    _ll_udiv                                 0x08000365   Thumb Code   238  lludivv7m.o(.text)
    vsnprintf                                0x08000455   Thumb Code    48  vsnprintf.o(.text)
    __aeabi_memcpy4                          0x08000489   Thumb Code     0  rt_memcpy_w.o(.text)
    __aeabi_memcpy8                          0x08000489   Thumb Code     0  rt_memcpy_w.o(.text)
    __rt_memcpy_w                            0x08000489   Thumb Code   100  rt_memcpy_w.o(.text)
    _memcpy_lastbytes_aligned                0x080004d1   Thumb Code     0  rt_memcpy_w.o(.text)
    __aeabi_memclr4                          0x080004ed   Thumb Code     0  rt_memclr_w.o(.text)
    __aeabi_memclr8                          0x080004ed   Thumb Code     0  rt_memclr_w.o(.text)
    __rt_memclr_w                            0x080004ed   Thumb Code    78  rt_memclr_w.o(.text)
    _memset_w                                0x080004f1   Thumb Code     0  rt_memclr_w.o(.text)
    __use_two_region_memory                  0x0800053b   Thumb Code     2  heapauxi.o(.text)
    __rt_heap_escrow$2region                 0x0800053d   Thumb Code     2  heapauxi.o(.text)
    __rt_heap_expand$2region                 0x0800053f   Thumb Code     2  heapauxi.o(.text)
    _printf_pre_padding                      0x08000541   Thumb Code    44  _printf_pad.o(.text)
    _printf_post_padding                     0x0800056d   Thumb Code    34  _printf_pad.o(.text)
    _printf_truncate_signed                  0x0800058f   Thumb Code    18  _printf_truncate.o(.text)
    _printf_truncate_unsigned                0x080005a1   Thumb Code    18  _printf_truncate.o(.text)
    _printf_str                              0x080005b3   Thumb Code    82  _printf_str.o(.text)
    _printf_int_dec                          0x08000605   Thumb Code   104  _printf_dec.o(.text)
    _printf_charcount                        0x0800067d   Thumb Code    40  _printf_charcount.o(.text)
    _printf_char_common                      0x080006af   Thumb Code    32  _printf_char_common.o(.text)
    _sputc                                   0x080006d5   Thumb Code    10  _sputc.o(.text)
    _snputc                                  0x080006df   Thumb Code    16  _snputc.o(.text)
    _printf_wctomb                           0x080006f1   Thumb Code   182  _printf_wctomb.o(.text)
    _printf_longlong_dec                     0x080007ad   Thumb Code   108  _printf_longlong_dec.o(.text)
    _printf_longlong_oct                     0x08000829   Thumb Code    66  _printf_oct_int_ll.o(.text)
    _printf_int_oct                          0x0800086b   Thumb Code    24  _printf_oct_int_ll.o(.text)
    _printf_ll_oct                           0x08000883   Thumb Code    12  _printf_oct_int_ll.o(.text)
    _printf_longlong_hex                     0x08000899   Thumb Code    86  _printf_hex_int_ll_ptr.o(.text)
    _printf_int_hex                          0x080008ef   Thumb Code    28  _printf_hex_int_ll_ptr.o(.text)
    _printf_ll_hex                           0x0800090b   Thumb Code    12  _printf_hex_int_ll_ptr.o(.text)
    _printf_hex_ptr                          0x08000917   Thumb Code    18  _printf_hex_int_ll_ptr.o(.text)
    __printf                                 0x0800092d   Thumb Code   388  __printf_flags_ss_wp.o(.text)
    _ll_udiv10                               0x08000ab5   Thumb Code   138  lludiv10.o(.text)
    _printf_int_common                       0x08000b3f   Thumb Code   178  _printf_intcommon.o(.text)
    __lib_sel_fp_printf                      0x08000bf1   Thumb Code     2  _printf_fp_dec.o(.text)
    _printf_fp_dec_real                      0x08000da3   Thumb Code   620  _printf_fp_dec.o(.text)
    _printf_fp_hex_real                      0x08001011   Thumb Code   756  _printf_fp_hex.o(.text)
    _printf_cs_common                        0x0800130d   Thumb Code    20  _printf_char.o(.text)
    _printf_char                             0x08001321   Thumb Code    16  _printf_char.o(.text)
    _printf_string                           0x08001331   Thumb Code     8  _printf_char.o(.text)
    _printf_lcs_common                       0x08001339   Thumb Code    20  _printf_wchar.o(.text)
    _printf_wchar                            0x0800134d   Thumb Code    16  _printf_wchar.o(.text)
    _printf_wstring                          0x0800135d   Thumb Code     8  _printf_wchar.o(.text)
    _wcrtomb                                 0x08001365   Thumb Code    64  _wcrtomb.o(.text)
    __user_libspace                          0x080013a5   Thumb Code     8  libspace.o(.text)
    __user_perproc_libspace                  0x080013a5   Thumb Code     0  libspace.o(.text)
    __user_perthread_libspace                0x080013a5   Thumb Code     0  libspace.o(.text)
    __user_setup_stackheap                   0x080013ad   Thumb Code    74  sys_stackheap_outer.o(.text)
    __rt_ctype_table                         0x080013f9   Thumb Code    16  rt_ctype_table.o(.text)
    __rt_locale                              0x08001409   Thumb Code     8  rt_locale_intlibspace.o(.text)
    _printf_fp_infnan                        0x08001411   Thumb Code   112  _printf_fp_infnan.o(.text)
    _btod_etento                             0x08001491   Thumb Code   224  bigflt0.o(.text)
    exit                                     0x08001575   Thumb Code    18  exit.o(.text)
    strcmp                                   0x08001589   Thumb Code   128  strcmpv7m.o(.text)
    _sys_exit                                0x08001609   Thumb Code     8  sys_exit.o(.text)
    __I$use$semihosting                      0x08001615   Thumb Code     0  use_no_semi.o(.text)
    __use_no_semihosting_swi                 0x08001615   Thumb Code     2  use_no_semi.o(.text)
    __semihosting_library_function           0x08001617   Thumb Code     0  indicate_semi.o(.text)
    _btod_d2e                                0x08001617   Thumb Code    62  btod.o(CL$$btod_d2e)
    _d2e_denorm_low                          0x08001655   Thumb Code    70  btod.o(CL$$btod_d2e_denorm_low)
    _d2e_norm_op1                            0x0800169b   Thumb Code    96  btod.o(CL$$btod_d2e_norm_op1)
    __btod_div_common                        0x080016fb   Thumb Code   696  btod.o(CL$$btod_div_common)
    _e2e                                     0x08001a33   Thumb Code   220  btod.o(CL$$btod_e2e)
    _btod_ediv                               0x08001b0f   Thumb Code    42  btod.o(CL$$btod_ediv)
    _btod_emul                               0x08001b39   Thumb Code    42  btod.o(CL$$btod_emul)
    __btod_mult_common                       0x08001b63   Thumb Code   580  btod.o(CL$$btod_mult_common)
    BusFault_Handler                         0x08001da7   Thumb Code     2  stm32f4xx_it.o(i.BusFault_Handler)
    CDC_Transmit_FS                          0x08001df5   Thumb Code    40  usbd_cdc_if.o(i.CDC_Transmit_FS)
    DebugMon_Handler                         0x08001e21   Thumb Code     2  stm32f4xx_it.o(i.DebugMon_Handler)
    Error_Handler                            0x08001e23   Thumb Code     4  main.o(i.Error_Handler)
    HAL_Delay                                0x08001e61   Thumb Code    32  stm32f4xx_hal.o(i.HAL_Delay)
    HAL_GPIO_Init                            0x08001e85   Thumb Code   436  stm32f4xx_hal_gpio.o(i.HAL_GPIO_Init)
    HAL_GPIO_WritePin                        0x08002061   Thumb Code    10  stm32f4xx_hal_gpio.o(i.HAL_GPIO_WritePin)
    HAL_GetTick                              0x0800206d   Thumb Code     6  stm32f4xx_hal.o(i.HAL_GetTick)
    HAL_IncTick                              0x08002079   Thumb Code    12  stm32f4xx_hal.o(i.HAL_IncTick)
    HAL_Init                                 0x08002089   Thumb Code    48  stm32f4xx_hal.o(i.HAL_Init)
    HAL_InitTick                             0x080020bd   Thumb Code    54  stm32f4xx_hal.o(i.HAL_InitTick)
    HAL_MspInit                              0x080020fd   Thumb Code    42  stm32f4xx_hal_msp.o(i.HAL_MspInit)
    HAL_NVIC_EnableIRQ                       0x0800212d   Thumb Code    26  stm32f4xx_hal_cortex.o(i.HAL_NVIC_EnableIRQ)
    HAL_NVIC_SetPriority                     0x08002149   Thumb Code    60  stm32f4xx_hal_cortex.o(i.HAL_NVIC_SetPriority)
    HAL_NVIC_SetPriorityGrouping             0x08002189   Thumb Code    26  stm32f4xx_hal_cortex.o(i.HAL_NVIC_SetPriorityGrouping)
    HAL_PCDEx_ActivateLPM                    0x080021ad   Thumb Code    34  stm32f4xx_hal_pcd_ex.o(i.HAL_PCDEx_ActivateLPM)
    HAL_PCDEx_LPM_Callback                   0x080021d5   Thumb Code     2  stm32f4xx_hal_pcd_ex.o(i.HAL_PCDEx_LPM_Callback)
    HAL_PCDEx_SetRxFiFo                      0x080021d7   Thumb Code     8  stm32f4xx_hal_pcd_ex.o(i.HAL_PCDEx_SetRxFiFo)
    HAL_PCDEx_SetTxFiFo                      0x080021df   Thumb Code    68  stm32f4xx_hal_pcd_ex.o(i.HAL_PCDEx_SetTxFiFo)
    HAL_PCD_ConnectCallback                  0x08002223   Thumb Code     8  usbd_conf.o(i.HAL_PCD_ConnectCallback)
    HAL_PCD_DataInStageCallback              0x0800222b   Thumb Code    18  usbd_conf.o(i.HAL_PCD_DataInStageCallback)
    HAL_PCD_DataOutStageCallback             0x0800223d   Thumb Code    20  usbd_conf.o(i.HAL_PCD_DataOutStageCallback)
    HAL_PCD_DisconnectCallback               0x08002251   Thumb Code     8  usbd_conf.o(i.HAL_PCD_DisconnectCallback)
    HAL_PCD_EP_Abort                         0x08002259   Thumb Code    30  stm32f4xx_hal_pcd.o(i.HAL_PCD_EP_Abort)
    HAL_PCD_EP_Close                         0x08002277   Thumb Code    76  stm32f4xx_hal_pcd.o(i.HAL_PCD_EP_Close)
    HAL_PCD_EP_ClrStall                      0x080022c3   Thumb Code    92  stm32f4xx_hal_pcd.o(i.HAL_PCD_EP_ClrStall)
    HAL_PCD_EP_GetRxCount                    0x0800231f   Thumb Code    18  stm32f4xx_hal_pcd.o(i.HAL_PCD_EP_GetRxCount)
    HAL_PCD_EP_Open                          0x08002331   Thumb Code    96  stm32f4xx_hal_pcd.o(i.HAL_PCD_EP_Open)
    HAL_PCD_EP_Receive                       0x08002391   Thumb Code    72  stm32f4xx_hal_pcd.o(i.HAL_PCD_EP_Receive)
    HAL_PCD_EP_SetStall                      0x080023d9   Thumb Code   116  stm32f4xx_hal_pcd.o(i.HAL_PCD_EP_SetStall)
    HAL_PCD_EP_Transmit                      0x0800244d   Thumb Code    64  stm32f4xx_hal_pcd.o(i.HAL_PCD_EP_Transmit)
    HAL_PCD_IRQHandler                       0x0800248d   Thumb Code  1436  stm32f4xx_hal_pcd.o(i.HAL_PCD_IRQHandler)
    HAL_PCD_ISOINIncompleteCallback          0x08002a29   Thumb Code     8  usbd_conf.o(i.HAL_PCD_ISOINIncompleteCallback)
    HAL_PCD_ISOOUTIncompleteCallback         0x08002a31   Thumb Code     8  usbd_conf.o(i.HAL_PCD_ISOOUTIncompleteCallback)
    HAL_PCD_Init                             0x08002a39   Thumb Code   238  stm32f4xx_hal_pcd.o(i.HAL_PCD_Init)
    HAL_PCD_MspInit                          0x08002b29   Thumb Code   146  usbd_conf.o(i.HAL_PCD_MspInit)
    HAL_PCD_ResetCallback                    0x08002bcd   Thumb Code    38  usbd_conf.o(i.HAL_PCD_ResetCallback)
    HAL_PCD_ResumeCallback                   0x08002bf3   Thumb Code     8  usbd_conf.o(i.HAL_PCD_ResumeCallback)
    HAL_PCD_SOFCallback                      0x08002bfb   Thumb Code     8  usbd_conf.o(i.HAL_PCD_SOFCallback)
    HAL_PCD_SetAddress                       0x08002c03   Thumb Code    40  stm32f4xx_hal_pcd.o(i.HAL_PCD_SetAddress)
    HAL_PCD_SetupStageCallback               0x08002c2b   Thumb Code    14  usbd_conf.o(i.HAL_PCD_SetupStageCallback)
    HAL_PCD_Start                            0x08002c39   Thumb Code    66  stm32f4xx_hal_pcd.o(i.HAL_PCD_Start)
    HAL_PCD_SuspendCallback                  0x08002c7d   Thumb Code    44  usbd_conf.o(i.HAL_PCD_SuspendCallback)
    HAL_QSPI_Init                            0x08002cad   Thumb Code   158  stm32f4xx_hal_qspi.o(i.HAL_QSPI_Init)
    HAL_QSPI_MspInit                         0x08002d55   Thumb Code   172  quadspi.o(i.HAL_QSPI_MspInit)
    HAL_RCCEx_PeriphCLKConfig                0x08002e15   Thumb Code   792  stm32f4xx_hal_rcc_ex.o(i.HAL_RCCEx_PeriphCLKConfig)
    HAL_RCC_ClockConfig                      0x0800314d   Thumb Code   288  stm32f4xx_hal_rcc.o(i.HAL_RCC_ClockConfig)
    HAL_RCC_GetHCLKFreq                      0x08003281   Thumb Code     6  stm32f4xx_hal_rcc.o(i.HAL_RCC_GetHCLKFreq)
    HAL_RCC_GetPCLK1Freq                     0x0800328d   Thumb Code    20  stm32f4xx_hal_rcc.o(i.HAL_RCC_GetPCLK1Freq)
    HAL_RCC_GetPCLK2Freq                     0x080032ad   Thumb Code    20  stm32f4xx_hal_rcc.o(i.HAL_RCC_GetPCLK2Freq)
    HAL_RCC_GetSysClockFreq                  0x080032cd   Thumb Code    88  stm32f4xx_hal_rcc.o(i.HAL_RCC_GetSysClockFreq)
    HAL_RCC_OscConfig                        0x0800332d   Thumb Code   874  stm32f4xx_hal_rcc_ex.o(i.HAL_RCC_OscConfig)
    HAL_SPI_Init                             0x080036ad   Thumb Code   188  stm32f4xx_hal_spi.o(i.HAL_SPI_Init)
    HAL_SPI_MspInit                          0x08003769   Thumb Code   128  spi.o(i.HAL_SPI_MspInit)
    HAL_SYSTICK_Config                       0x080037f9   Thumb Code    40  stm32f4xx_hal_cortex.o(i.HAL_SYSTICK_Config)
    HAL_UART_Init                            0x08003821   Thumb Code    98  stm32f4xx_hal_uart.o(i.HAL_UART_Init)
    HAL_UART_MspInit                         0x08003885   Thumb Code    92  usart.o(i.HAL_UART_MspInit)
    HardFault_Handler                        0x080038ed   Thumb Code     2  stm32f4xx_it.o(i.HardFault_Handler)
    MX_GPIO_Init                             0x0800392d   Thumb Code   232  gpio.o(i.MX_GPIO_Init)
    MX_QUADSPI_Init                          0x08003a29   Thumb Code    50  quadspi.o(i.MX_QUADSPI_Init)
    MX_SPI1_Init                             0x08003a65   Thumb Code    60  spi.o(i.MX_SPI1_Init)
    MX_USART2_UART_Init                      0x08003aa9   Thumb Code    48  usart.o(i.MX_USART2_UART_Init)
    MX_USB_DEVICE_Init                       0x08003ae1   Thumb Code    66  usb_device.o(i.MX_USB_DEVICE_Init)
    MemManage_Handler                        0x08003b35   Thumb Code     2  stm32f4xx_it.o(i.MemManage_Handler)
    NMI_Handler                              0x08003b37   Thumb Code     2  stm32f4xx_it.o(i.NMI_Handler)
    OTG_FS_IRQHandler                        0x08003b39   Thumb Code     6  stm32f4xx_it.o(i.OTG_FS_IRQHandler)
    PendSV_Handler                           0x08003cb3   Thumb Code     2  stm32f4xx_it.o(i.PendSV_Handler)
    SVC_Handler                              0x08003cfd   Thumb Code     2  stm32f4xx_it.o(i.SVC_Handler)
    SysTick_Handler                          0x08003cff   Thumb Code     4  stm32f4xx_it.o(i.SysTick_Handler)
    SystemClock_Config                       0x08003d05   Thumb Code   138  main.o(i.SystemClock_Config)
    SystemInit                               0x08003d99   Thumb Code    12  system_stm32f4xx.o(i.SystemInit)
    USBD_CDC_GetDeviceQualifierDescriptor    0x0800404d   Thumb Code     8  usbd_cdc.o(i.USBD_CDC_GetDeviceQualifierDescriptor)
    USBD_CDC_ReceivePacket                   0x08004271   Thumb Code    66  usbd_cdc.o(i.USBD_CDC_ReceivePacket)
    USBD_CDC_RegisterInterface               0x080042b9   Thumb Code    24  usbd_cdc.o(i.USBD_CDC_RegisterInterface)
    USBD_CDC_SetRxBuffer                     0x080042d1   Thumb Code    28  usbd_cdc.o(i.USBD_CDC_SetRxBuffer)
    USBD_CDC_SetTxBuffer                     0x080042ed   Thumb Code    32  usbd_cdc.o(i.USBD_CDC_SetTxBuffer)
    USBD_CDC_TransmitPacket                  0x0800441d   Thumb Code    80  usbd_cdc.o(i.USBD_CDC_TransmitPacket)
    USBD_ClrClassConfig                      0x08004471   Thumb Code    20  usbd_core.o(i.USBD_ClrClassConfig)
    USBD_CoreFindEP                          0x080044ab   Thumb Code     4  usbd_core.o(i.USBD_CoreFindEP)
    USBD_CoreFindIF                          0x080044af   Thumb Code     4  usbd_core.o(i.USBD_CoreFindIF)
    USBD_CtlContinueRx                       0x080044b3   Thumb Code    16  usbd_ioreq.o(i.USBD_CtlContinueRx)
    USBD_CtlContinueSendData                 0x080044c3   Thumb Code    16  usbd_ioreq.o(i.USBD_CtlContinueSendData)
    USBD_CtlError                            0x080044d3   Thumb Code    24  usbd_ctlreq.o(i.USBD_CtlError)
    USBD_CtlPrepareRx                        0x080044eb   Thumb Code    30  usbd_ioreq.o(i.USBD_CtlPrepareRx)
    USBD_CtlReceiveStatus                    0x08004509   Thumb Code    22  usbd_ioreq.o(i.USBD_CtlReceiveStatus)
    USBD_CtlSendData                         0x0800451f   Thumb Code    26  usbd_ioreq.o(i.USBD_CtlSendData)
    USBD_CtlSendStatus                       0x08004539   Thumb Code    22  usbd_ioreq.o(i.USBD_CtlSendStatus)
    USBD_FS_ConfigStrDescriptor              0x08004551   Thumb Code    32  usbd_desc.o(i.USBD_FS_ConfigStrDescriptor)
    USBD_FS_DeviceDescriptor                 0x08004581   Thumb Code     8  usbd_desc.o(i.USBD_FS_DeviceDescriptor)
    USBD_FS_InterfaceStrDescriptor           0x0800458d   Thumb Code    32  usbd_desc.o(i.USBD_FS_InterfaceStrDescriptor)
    USBD_FS_LangIDStrDescriptor              0x080045c1   Thumb Code     8  usbd_desc.o(i.USBD_FS_LangIDStrDescriptor)
    USBD_FS_ManufacturerStrDescriptor        0x080045cd   Thumb Code    16  usbd_desc.o(i.USBD_FS_ManufacturerStrDescriptor)
    USBD_FS_ProductStrDescriptor             0x080045f5   Thumb Code    32  usbd_desc.o(i.USBD_FS_ProductStrDescriptor)
    USBD_FS_SerialStrDescriptor              0x08004631   Thumb Code    14  usbd_desc.o(i.USBD_FS_SerialStrDescriptor)
    USBD_GetEpDesc                           0x0800482d   Thumb Code    60  usbd_core.o(i.USBD_GetEpDesc)
    USBD_GetNextDesc                         0x08004881   Thumb Code    14  usbd_core.o(i.USBD_GetNextDesc)
    USBD_GetString                           0x080048c5   Thumb Code    68  usbd_ctlreq.o(i.USBD_GetString)
    USBD_Get_USB_Status                      0x08004909   Thumb Code    36  usbd_conf.o(i.USBD_Get_USB_Status)
    USBD_Init                                0x0800492d   Thumb Code    40  usbd_core.o(i.USBD_Init)
    USBD_LL_ClearStallEP                     0x08004955   Thumb Code    18  usbd_conf.o(i.USBD_LL_ClearStallEP)
    USBD_LL_CloseEP                          0x08004967   Thumb Code    18  usbd_conf.o(i.USBD_LL_CloseEP)
    USBD_LL_DataInStage                      0x08004979   Thumb Code   220  usbd_core.o(i.USBD_LL_DataInStage)
    USBD_LL_DataOutStage                     0x08004a55   Thumb Code   208  usbd_core.o(i.USBD_LL_DataOutStage)
    USBD_LL_DevConnected                     0x08004b25   Thumb Code     4  usbd_core.o(i.USBD_LL_DevConnected)
    USBD_LL_DevDisconnected                  0x08004b29   Thumb Code    32  usbd_core.o(i.USBD_LL_DevDisconnected)
    USBD_LL_GetRxDataSize                    0x08004b49   Thumb Code     8  usbd_conf.o(i.USBD_LL_GetRxDataSize)
    USBD_LL_Init                             0x08004b51   Thumb Code    94  usbd_conf.o(i.USBD_LL_Init)
    USBD_LL_IsStallEP                        0x08004bb5   Thumb Code    34  usbd_conf.o(i.USBD_LL_IsStallEP)
    USBD_LL_IsoINIncomplete                  0x08004bd7   Thumb Code    42  usbd_core.o(i.USBD_LL_IsoINIncomplete)
    USBD_LL_IsoOUTIncomplete                 0x08004c01   Thumb Code    42  usbd_core.o(i.USBD_LL_IsoOUTIncomplete)
    USBD_LL_OpenEP                           0x08004c2b   Thumb Code    24  usbd_conf.o(i.USBD_LL_OpenEP)
    USBD_LL_PrepareReceive                   0x08004c43   Thumb Code    18  usbd_conf.o(i.USBD_LL_PrepareReceive)
    USBD_LL_Reset                            0x08004c55   Thumb Code    96  usbd_core.o(i.USBD_LL_Reset)
    USBD_LL_Resume                           0x08004cb5   Thumb Code    20  usbd_core.o(i.USBD_LL_Resume)
    USBD_LL_SOF                              0x08004cc9   Thumb Code    26  usbd_core.o(i.USBD_LL_SOF)
    USBD_LL_SetSpeed                         0x08004ce3   Thumb Code     6  usbd_core.o(i.USBD_LL_SetSpeed)
    USBD_LL_SetUSBAddress                    0x08004ce9   Thumb Code    18  usbd_conf.o(i.USBD_LL_SetUSBAddress)
    USBD_LL_SetupStage                       0x08004cfb   Thumb Code   100  usbd_core.o(i.USBD_LL_SetupStage)
    USBD_LL_StallEP                          0x08004d5f   Thumb Code    18  usbd_conf.o(i.USBD_LL_StallEP)
    USBD_LL_Start                            0x08004d71   Thumb Code    18  usbd_conf.o(i.USBD_LL_Start)
    USBD_LL_Suspend                          0x08004d83   Thumb Code    18  usbd_core.o(i.USBD_LL_Suspend)
    USBD_LL_Transmit                         0x08004d95   Thumb Code    18  usbd_conf.o(i.USBD_LL_Transmit)
    USBD_ParseSetupRequest                   0x08004da7   Thumb Code    50  usbd_ctlreq.o(i.USBD_ParseSetupRequest)
    USBD_RegisterClass                       0x08004dd9   Thumb Code    58  usbd_core.o(i.USBD_RegisterClass)
    USBD_RunTestMode                         0x08004e13   Thumb Code     4  usbd_core.o(i.USBD_RunTestMode)
    USBD_SetClassConfig                      0x08004e6f   Thumb Code    20  usbd_core.o(i.USBD_SetClassConfig)
    USBD_Start                               0x08004f85   Thumb Code     4  usbd_core.o(i.USBD_Start)
    USBD_StdDevReq                           0x08004f89   Thumb Code   118  usbd_ctlreq.o(i.USBD_StdDevReq)
    USBD_StdEPReq                            0x08004fff   Thumb Code   558  usbd_ctlreq.o(i.USBD_StdEPReq)
    USBD_StdItfReq                           0x0800522d   Thumb Code   142  usbd_ctlreq.o(i.USBD_StdItfReq)
    USBD_static_free                         0x080052bb   Thumb Code     2  usbd_conf.o(i.USBD_static_free)
    USBD_static_malloc                       0x080052bd   Thumb Code     4  usbd_conf.o(i.USBD_static_malloc)
    USB_ActivateEndpoint                     0x080052c5   Thumb Code   122  stm32f4xx_ll_usb.o(i.USB_ActivateEndpoint)
    USB_ActivateSetup                        0x08005345   Thumb Code    28  stm32f4xx_ll_usb.o(i.USB_ActivateSetup)
    USB_CoreInit                             0x08005361   Thumb Code   112  stm32f4xx_ll_usb.o(i.USB_CoreInit)
    USB_DeactivateEndpoint                   0x08005415   Thumb Code   194  stm32f4xx_ll_usb.o(i.USB_DeactivateEndpoint)
    USB_DevConnect                           0x080054e1   Thumb Code    28  stm32f4xx_ll_usb.o(i.USB_DevConnect)
    USB_DevDisconnect                        0x080054fd   Thumb Code    28  stm32f4xx_ll_usb.o(i.USB_DevDisconnect)
    USB_DevInit                              0x08005519   Thumb Code   358  stm32f4xx_ll_usb.o(i.USB_DevInit)
    USB_DisableGlobalInt                     0x08005689   Thumb Code    12  stm32f4xx_ll_usb.o(i.USB_DisableGlobalInt)
    USB_EP0StartXfer                         0x08005695   Thumb Code   280  stm32f4xx_ll_usb.o(i.USB_EP0StartXfer)
    USB_EP0_OutStart                         0x080057b1   Thumb Code    84  stm32f4xx_ll_usb.o(i.USB_EP0_OutStart)
    USB_EPClearStall                         0x08005809   Thumb Code    88  stm32f4xx_ll_usb.o(i.USB_EPClearStall)
    USB_EPSetStall                           0x08005861   Thumb Code    88  stm32f4xx_ll_usb.o(i.USB_EPSetStall)
    USB_EPStartXfer                          0x080058b9   Thumb Code   480  stm32f4xx_ll_usb.o(i.USB_EPStartXfer)
    USB_EPStopXfer                           0x08005a9d   Thumb Code   158  stm32f4xx_ll_usb.o(i.USB_EPStopXfer)
    USB_EnableGlobalInt                      0x08005b3b   Thumb Code    12  stm32f4xx_ll_usb.o(i.USB_EnableGlobalInt)
    USB_FlushRxFifo                          0x08005b49   Thumb Code    54  stm32f4xx_ll_usb.o(i.USB_FlushRxFifo)
    USB_FlushTxFifo                          0x08005b85   Thumb Code    58  stm32f4xx_ll_usb.o(i.USB_FlushTxFifo)
    USB_GetDevSpeed                          0x08005bc5   Thumb Code    26  stm32f4xx_ll_usb.o(i.USB_GetDevSpeed)
    USB_GetMode                              0x08005bdf   Thumb Code     8  stm32f4xx_ll_usb.o(i.USB_GetMode)
    USB_ReadDevAllInEpInterrupt              0x08005be7   Thumb Code    14  stm32f4xx_ll_usb.o(i.USB_ReadDevAllInEpInterrupt)
    USB_ReadDevAllOutEpInterrupt             0x08005bf5   Thumb Code    14  stm32f4xx_ll_usb.o(i.USB_ReadDevAllOutEpInterrupt)
    USB_ReadDevInEPInterrupt                 0x08005c03   Thumb Code    36  stm32f4xx_ll_usb.o(i.USB_ReadDevInEPInterrupt)
    USB_ReadDevOutEPInterrupt                0x08005c27   Thumb Code    16  stm32f4xx_ll_usb.o(i.USB_ReadDevOutEPInterrupt)
    USB_ReadInterrupts                       0x08005c37   Thumb Code     8  stm32f4xx_ll_usb.o(i.USB_ReadInterrupts)
    USB_ReadPacket                           0x08005c3f   Thumb Code    62  stm32f4xx_ll_usb.o(i.USB_ReadPacket)
    USB_SetCurrentMode                       0x08005c7d   Thumb Code    92  stm32f4xx_ll_usb.o(i.USB_SetCurrentMode)
    USB_SetDevAddress                        0x08005cd9   Thumb Code    34  stm32f4xx_ll_usb.o(i.USB_SetDevAddress)
    USB_SetTurnaroundTime                    0x08005cfd   Thumb Code   158  stm32f4xx_ll_usb.o(i.USB_SetTurnaroundTime)
    USB_WritePacket                          0x08005de5   Thumb Code    40  stm32f4xx_ll_usb.o(i.USB_WritePacket)
    UsageFault_Handler                       0x08005e0d   Thumb Code     2  stm32f4xx_it.o(i.UsageFault_Handler)
    __ARM_fpclassify                         0x08005e0f   Thumb Code    48  fpclassify.o(i.__ARM_fpclassify)
    _is_digit                                0x08005e5f   Thumb Code    14  __printf_wp.o(i._is_digit)
    main                                     0x08005e6d   Thumb Code    54  main.o(i.main)
    usb_printf                               0x08005ec9   Thumb Code    32  usbd_cdc_if.o(i.usb_printf)
    _get_lc_numeric                          0x08005eed   Thumb Code    44  lc_numeric_c.o(locale$$code)
    _get_lc_ctype                            0x08005f19   Thumb Code    44  lc_ctype_c.o(locale$$code)
    _fp_init                                 0x08005f45   Thumb Code    10  fpinit.o(x$fpl$fpinit)
    __fplib_config_fpu_vfp                   0x08005f4d   Thumb Code     0  fpinit.o(x$fpl$fpinit)
    __fplib_config_pureend_doubles           0x08005f4d   Thumb Code     0  fpinit.o(x$fpl$fpinit)
    _printf_fp_dec                           0x08005f4f   Thumb Code     4  printf1.o(x$fpl$printf1)
    _printf_fp_hex                           0x08005f53   Thumb Code     4  printf2.o(x$fpl$printf2)
    AHBPrescTable                            0x08005f56   Data          16  system_stm32f4xx.o(.constdata)
    __I$use$fp                               0x08005f56   Number         0  usenofp.o(x$fpl$usenofp)
    APBPrescTable                            0x08005f66   Data           8  system_stm32f4xx.o(.constdata)
    Region$$Table$$Base                      0x0800606c   Number         0  anon$$obj.o(Region$$Table)
    Region$$Table$$Limit                     0x0800608c   Number         0  anon$$obj.o(Region$$Table)
    __ctype                                  0x080060b5   Data           0  lc_ctype_c.o(locale$$data)
    uwTickFreq                               0x20000000   Data           1  stm32f4xx_hal.o(.data)
    uwTickPrio                               0x20000004   Data           4  stm32f4xx_hal.o(.data)
    uwTick                                   0x20000008   Data           4  stm32f4xx_hal.o(.data)
    SystemCoreClock                          0x2000000c   Data           4  system_stm32f4xx.o(.data)
    FS_Desc                                  0x20000010   Data          28  usbd_desc.o(.data)
    USBD_LangIDDesc                          0x2000002c   Data           4  usbd_desc.o(.data)
    USBD_FS_DeviceDesc                       0x20000030   Data          18  usbd_desc.o(.data)
    USBD_StringSerial                        0x20000044   Data          26  usbd_desc.o(.data)
    USBD_Interface_fops_FS                   0x20000060   Data          20  usbd_cdc_if.o(.data)
    USBD_CDC                                 0x200000cc   Data          56  usbd_cdc.o(.data)
    hqspi                                    0x20000104   Data          76  quadspi.o(.bss)
    hspi1                                    0x20000150   Data          88  spi.o(.bss)
    huart2                                   0x200001a8   Data          68  usart.o(.bss)
    hUsbDeviceFS                             0x200001ec   Data         732  usb_device.o(.bss)
    USBD_StrDesc                             0x200004c8   Data         512  usbd_desc.o(.bss)
    UserRxBufferFS                           0x200006c8   Data        2048  usbd_cdc_if.o(.bss)
    UserTxBufferFS                           0x20000ec8   Data        2048  usbd_cdc_if.o(.bss)
    hpcd_USB_OTG_FS                          0x200018e8   Data        1292  usbd_conf.o(.bss)
    __libspace_start                         0x20001df4   Data          96  libspace.o(.bss)
    __temporary_stack_top$libspace           0x20001e54   Data           0  libspace.o(.bss)



==============================================================================

Memory Map of the image

  Image Entry point : 0x080001d9

  Load Region LR_IROM1 (Base: 0x08000000, Size: 0x000062bc, Max: 0x00100000, ABSOLUTE)

    Execution Region ER_IROM1 (Exec base: 0x08000000, Load base: 0x08000000, Size: 0x000061b8, Max: 0x00100000, ABSOLUTE)

    Exec Addr    Load Addr    Size         Type   Attr      Idx    E Section Name        Object

    0x08000000   0x08000000   0x000001d8   Data   RO            3    RESET               startup_stm32f413xx.o
    0x080001d8   0x080001d8   0x00000008   Code   RO         9581  * !!!main             c_w.l(__main.o)
    0x080001e0   0x080001e0   0x00000034   Code   RO        10126    !!!scatter          c_w.l(__scatter.o)
    0x08000214   0x08000214   0x0000001a   Code   RO        10128    !!handler_copy      c_w.l(__scatter_copy.o)
    0x0800022e   0x0800022e   0x00000002   PAD
    0x08000230   0x08000230   0x0000001c   Code   RO        10130    !!handler_zi        c_w.l(__scatter_zi.o)
    0x0800024c   0x0800024c   0x00000000   Code   RO         9817    .ARM.Collect$$_printf_percent$$00000000  c_w.l(_printf_percent.o)
    0x0800024c   0x0800024c   0x00000006   Code   RO         9806    .ARM.Collect$$_printf_percent$$00000001  c_w.l(_printf_n.o)
    0x08000252   0x08000252   0x00000006   Code   RO         9808    .ARM.Collect$$_printf_percent$$00000002  c_w.l(_printf_p.o)
    0x08000258   0x08000258   0x00000006   Code   RO         9813    .ARM.Collect$$_printf_percent$$00000003  c_w.l(_printf_f.o)
    0x0800025e   0x0800025e   0x00000006   Code   RO         9814    .ARM.Collect$$_printf_percent$$00000004  c_w.l(_printf_e.o)
    0x08000264   0x08000264   0x00000006   Code   RO         9815    .ARM.Collect$$_printf_percent$$00000005  c_w.l(_printf_g.o)
    0x0800026a   0x0800026a   0x00000006   Code   RO         9816    .ARM.Collect$$_printf_percent$$00000006  c_w.l(_printf_a.o)
    0x08000270   0x08000270   0x0000000a   Code   RO         9821    .ARM.Collect$$_printf_percent$$00000007  c_w.l(_printf_ll.o)
    0x0800027a   0x0800027a   0x00000006   Code   RO         9810    .ARM.Collect$$_printf_percent$$00000008  c_w.l(_printf_i.o)
    0x08000280   0x08000280   0x00000006   Code   RO         9811    .ARM.Collect$$_printf_percent$$00000009  c_w.l(_printf_d.o)
    0x08000286   0x08000286   0x00000006   Code   RO         9812    .ARM.Collect$$_printf_percent$$0000000A  c_w.l(_printf_u.o)
    0x0800028c   0x0800028c   0x00000006   Code   RO         9809    .ARM.Collect$$_printf_percent$$0000000B  c_w.l(_printf_o.o)
    0x08000292   0x08000292   0x00000006   Code   RO         9807    .ARM.Collect$$_printf_percent$$0000000C  c_w.l(_printf_x.o)
    0x08000298   0x08000298   0x00000006   Code   RO         9818    .ARM.Collect$$_printf_percent$$0000000D  c_w.l(_printf_lli.o)
    0x0800029e   0x0800029e   0x00000006   Code   RO         9819    .ARM.Collect$$_printf_percent$$0000000E  c_w.l(_printf_lld.o)
    0x080002a4   0x080002a4   0x00000006   Code   RO         9820    .ARM.Collect$$_printf_percent$$0000000F  c_w.l(_printf_llu.o)
    0x080002aa   0x080002aa   0x00000006   Code   RO         9825    .ARM.Collect$$_printf_percent$$00000010  c_w.l(_printf_llo.o)
    0x080002b0   0x080002b0   0x00000006   Code   RO         9826    .ARM.Collect$$_printf_percent$$00000011  c_w.l(_printf_llx.o)
    0x080002b6   0x080002b6   0x0000000a   Code   RO         9822    .ARM.Collect$$_printf_percent$$00000012  c_w.l(_printf_l.o)
    0x080002c0   0x080002c0   0x00000006   Code   RO         9804    .ARM.Collect$$_printf_percent$$00000013  c_w.l(_printf_c.o)
    0x080002c6   0x080002c6   0x00000006   Code   RO         9805    .ARM.Collect$$_printf_percent$$00000014  c_w.l(_printf_s.o)
    0x080002cc   0x080002cc   0x00000006   Code   RO         9823    .ARM.Collect$$_printf_percent$$00000015  c_w.l(_printf_lc.o)
    0x080002d2   0x080002d2   0x00000006   Code   RO         9824    .ARM.Collect$$_printf_percent$$00000016  c_w.l(_printf_ls.o)
    0x080002d8   0x080002d8   0x00000004   Code   RO         9934    .ARM.Collect$$_printf_percent$$00000017  c_w.l(_printf_percent_end.o)
    0x080002dc   0x080002dc   0x00000002   Code   RO         9992    .ARM.Collect$$libinit$$00000000  c_w.l(libinit.o)
    0x080002de   0x080002de   0x00000004   Code   RO        10006    .ARM.Collect$$libinit$$00000001  c_w.l(libinit2.o)
    0x080002e2   0x080002e2   0x00000000   Code   RO        10009    .ARM.Collect$$libinit$$00000004  c_w.l(libinit2.o)
    0x080002e2   0x080002e2   0x00000000   Code   RO        10012    .ARM.Collect$$libinit$$0000000A  c_w.l(libinit2.o)
    0x080002e2   0x080002e2   0x00000000   Code   RO        10014    .ARM.Collect$$libinit$$0000000C  c_w.l(libinit2.o)
    0x080002e2   0x080002e2   0x00000000   Code   RO        10016    .ARM.Collect$$libinit$$0000000E  c_w.l(libinit2.o)
    0x080002e2   0x080002e2   0x00000006   Code   RO        10017    .ARM.Collect$$libinit$$0000000F  c_w.l(libinit2.o)
    0x080002e8   0x080002e8   0x00000000   Code   RO        10019    .ARM.Collect$$libinit$$00000011  c_w.l(libinit2.o)
    0x080002e8   0x080002e8   0x0000000c   Code   RO        10020    .ARM.Collect$$libinit$$00000012  c_w.l(libinit2.o)
    0x080002f4   0x080002f4   0x00000000   Code   RO        10021    .ARM.Collect$$libinit$$00000013  c_w.l(libinit2.o)
    0x080002f4   0x080002f4   0x00000000   Code   RO        10023    .ARM.Collect$$libinit$$00000015  c_w.l(libinit2.o)
    0x080002f4   0x080002f4   0x0000000a   Code   RO        10024    .ARM.Collect$$libinit$$00000016  c_w.l(libinit2.o)
    0x080002fe   0x080002fe   0x00000000   Code   RO        10025    .ARM.Collect$$libinit$$00000017  c_w.l(libinit2.o)
    0x080002fe   0x080002fe   0x00000000   Code   RO        10027    .ARM.Collect$$libinit$$00000019  c_w.l(libinit2.o)
    0x080002fe   0x080002fe   0x00000000   Code   RO        10029    .ARM.Collect$$libinit$$0000001B  c_w.l(libinit2.o)
    0x080002fe   0x080002fe   0x00000000   Code   RO        10031    .ARM.Collect$$libinit$$0000001D  c_w.l(libinit2.o)
    0x080002fe   0x080002fe   0x00000000   Code   RO        10033    .ARM.Collect$$libinit$$0000001F  c_w.l(libinit2.o)
    0x080002fe   0x080002fe   0x00000000   Code   RO        10035    .ARM.Collect$$libinit$$00000021  c_w.l(libinit2.o)
    0x080002fe   0x080002fe   0x00000000   Code   RO        10037    .ARM.Collect$$libinit$$00000023  c_w.l(libinit2.o)
    0x080002fe   0x080002fe   0x00000000   Code   RO        10039    .ARM.Collect$$libinit$$00000025  c_w.l(libinit2.o)
    0x080002fe   0x080002fe   0x00000000   Code   RO        10043    .ARM.Collect$$libinit$$0000002C  c_w.l(libinit2.o)
    0x080002fe   0x080002fe   0x00000000   Code   RO        10045    .ARM.Collect$$libinit$$0000002E  c_w.l(libinit2.o)
    0x080002fe   0x080002fe   0x00000000   Code   RO        10047    .ARM.Collect$$libinit$$00000030  c_w.l(libinit2.o)
    0x080002fe   0x080002fe   0x00000000   Code   RO        10049    .ARM.Collect$$libinit$$00000032  c_w.l(libinit2.o)
    0x080002fe   0x080002fe   0x00000002   Code   RO        10050    .ARM.Collect$$libinit$$00000033  c_w.l(libinit2.o)
    0x08000300   0x08000300   0x00000002   Code   RO        10081    .ARM.Collect$$libshutdown$$00000000  c_w.l(libshutdown.o)
    0x08000302   0x08000302   0x00000000   Code   RO        10107    .ARM.Collect$$libshutdown$$00000002  c_w.l(libshutdown2.o)
    0x08000302   0x08000302   0x00000000   Code   RO        10109    .ARM.Collect$$libshutdown$$00000004  c_w.l(libshutdown2.o)
    0x08000302   0x08000302   0x00000000   Code   RO        10111    .ARM.Collect$$libshutdown$$00000006  c_w.l(libshutdown2.o)
    0x08000302   0x08000302   0x00000000   Code   RO        10114    .ARM.Collect$$libshutdown$$00000009  c_w.l(libshutdown2.o)
    0x08000302   0x08000302   0x00000000   Code   RO        10117    .ARM.Collect$$libshutdown$$0000000C  c_w.l(libshutdown2.o)
    0x08000302   0x08000302   0x00000000   Code   RO        10119    .ARM.Collect$$libshutdown$$0000000E  c_w.l(libshutdown2.o)
    0x08000302   0x08000302   0x00000000   Code   RO        10122    .ARM.Collect$$libshutdown$$00000011  c_w.l(libshutdown2.o)
    0x08000302   0x08000302   0x00000002   Code   RO        10123    .ARM.Collect$$libshutdown$$00000012  c_w.l(libshutdown2.o)
    0x08000304   0x08000304   0x00000000   Code   RO         9727    .ARM.Collect$$rtentry$$00000000  c_w.l(__rtentry.o)
    0x08000304   0x08000304   0x00000000   Code   RO         9898    .ARM.Collect$$rtentry$$00000002  c_w.l(__rtentry2.o)
    0x08000304   0x08000304   0x00000006   Code   RO         9910    .ARM.Collect$$rtentry$$00000004  c_w.l(__rtentry4.o)
    0x0800030a   0x0800030a   0x00000000   Code   RO         9900    .ARM.Collect$$rtentry$$00000009  c_w.l(__rtentry2.o)
    0x0800030a   0x0800030a   0x00000004   Code   RO         9901    .ARM.Collect$$rtentry$$0000000A  c_w.l(__rtentry2.o)
    0x0800030e   0x0800030e   0x00000000   Code   RO         9903    .ARM.Collect$$rtentry$$0000000C  c_w.l(__rtentry2.o)
    0x0800030e   0x0800030e   0x00000008   Code   RO         9904    .ARM.Collect$$rtentry$$0000000D  c_w.l(__rtentry2.o)
    0x08000316   0x08000316   0x00000002   Code   RO         9993    .ARM.Collect$$rtexit$$00000000  c_w.l(rtexit.o)
    0x08000318   0x08000318   0x00000000   Code   RO        10054    .ARM.Collect$$rtexit$$00000002  c_w.l(rtexit2.o)
    0x08000318   0x08000318   0x00000004   Code   RO        10055    .ARM.Collect$$rtexit$$00000003  c_w.l(rtexit2.o)
    0x0800031c   0x0800031c   0x00000006   Code   RO        10056    .ARM.Collect$$rtexit$$00000004  c_w.l(rtexit2.o)
    0x08000322   0x08000322   0x00000002   PAD
    0x08000324   0x08000324   0x00000040   Code   RO            4    .text               startup_stm32f413xx.o
    0x08000364   0x08000364   0x000000ee   Code   RO         9563    .text               c_w.l(lludivv7m.o)
    0x08000452   0x08000452   0x00000002   PAD
    0x08000454   0x08000454   0x00000034   Code   RO         9571    .text               c_w.l(vsnprintf.o)
    0x08000488   0x08000488   0x00000064   Code   RO         9573    .text               c_w.l(rt_memcpy_w.o)
    0x080004ec   0x080004ec   0x0000004e   Code   RO         9577    .text               c_w.l(rt_memclr_w.o)
    0x0800053a   0x0800053a   0x00000006   Code   RO         9579    .text               c_w.l(heapauxi.o)
    0x08000540   0x08000540   0x0000004e   Code   RO         9736    .text               c_w.l(_printf_pad.o)
    0x0800058e   0x0800058e   0x00000024   Code   RO         9738    .text               c_w.l(_printf_truncate.o)
    0x080005b2   0x080005b2   0x00000052   Code   RO         9740    .text               c_w.l(_printf_str.o)
    0x08000604   0x08000604   0x00000078   Code   RO         9742    .text               c_w.l(_printf_dec.o)
    0x0800067c   0x0800067c   0x00000028   Code   RO         9744    .text               c_w.l(_printf_charcount.o)
    0x080006a4   0x080006a4   0x00000030   Code   RO         9746    .text               c_w.l(_printf_char_common.o)
    0x080006d4   0x080006d4   0x0000000a   Code   RO         9748    .text               c_w.l(_sputc.o)
    0x080006de   0x080006de   0x00000010   Code   RO         9750    .text               c_w.l(_snputc.o)
    0x080006ee   0x080006ee   0x00000002   PAD
    0x080006f0   0x080006f0   0x000000bc   Code   RO         9752    .text               c_w.l(_printf_wctomb.o)
    0x080007ac   0x080007ac   0x0000007c   Code   RO         9755    .text               c_w.l(_printf_longlong_dec.o)
    0x08000828   0x08000828   0x00000070   Code   RO         9761    .text               c_w.l(_printf_oct_int_ll.o)
    0x08000898   0x08000898   0x00000094   Code   RO         9781    .text               c_w.l(_printf_hex_int_ll_ptr.o)
    0x0800092c   0x0800092c   0x00000188   Code   RO         9801    .text               c_w.l(__printf_flags_ss_wp.o)
    0x08000ab4   0x08000ab4   0x0000008a   Code   RO         9919    .text               c_w.l(lludiv10.o)
    0x08000b3e   0x08000b3e   0x000000b2   Code   RO         9921    .text               c_w.l(_printf_intcommon.o)
    0x08000bf0   0x08000bf0   0x0000041e   Code   RO         9923    .text               c_w.l(_printf_fp_dec.o)
    0x0800100e   0x0800100e   0x00000002   PAD
    0x08001010   0x08001010   0x000002fc   Code   RO         9925    .text               c_w.l(_printf_fp_hex.o)
    0x0800130c   0x0800130c   0x0000002c   Code   RO         9930    .text               c_w.l(_printf_char.o)
    0x08001338   0x08001338   0x0000002c   Code   RO         9932    .text               c_w.l(_printf_wchar.o)
    0x08001364   0x08001364   0x00000040   Code   RO         9935    .text               c_w.l(_wcrtomb.o)
    0x080013a4   0x080013a4   0x00000008   Code   RO         9939    .text               c_w.l(libspace.o)
    0x080013ac   0x080013ac   0x0000004a   Code   RO         9942    .text               c_w.l(sys_stackheap_outer.o)
    0x080013f6   0x080013f6   0x00000002   PAD
    0x080013f8   0x080013f8   0x00000010   Code   RO         9944    .text               c_w.l(rt_ctype_table.o)
    0x08001408   0x08001408   0x00000008   Code   RO         9949    .text               c_w.l(rt_locale_intlibspace.o)
    0x08001410   0x08001410   0x00000080   Code   RO         9951    .text               c_w.l(_printf_fp_infnan.o)
    0x08001490   0x08001490   0x000000e4   Code   RO         9953    .text               c_w.l(bigflt0.o)
    0x08001574   0x08001574   0x00000012   Code   RO         9981    .text               c_w.l(exit.o)
    0x08001586   0x08001586   0x00000002   PAD
    0x08001588   0x08001588   0x00000080   Code   RO        10004    .text               c_w.l(strcmpv7m.o)
    0x08001608   0x08001608   0x0000000c   Code   RO        10051    .text               c_w.l(sys_exit.o)
    0x08001614   0x08001614   0x00000002   Code   RO        10070    .text               c_w.l(use_no_semi.o)
    0x08001616   0x08001616   0x00000000   Code   RO        10072    .text               c_w.l(indicate_semi.o)
    0x08001616   0x08001616   0x0000003e   Code   RO         9956    CL$$btod_d2e        c_w.l(btod.o)
    0x08001654   0x08001654   0x00000046   Code   RO         9958    CL$$btod_d2e_denorm_low  c_w.l(btod.o)
    0x0800169a   0x0800169a   0x00000060   Code   RO         9957    CL$$btod_d2e_norm_op1  c_w.l(btod.o)
    0x080016fa   0x080016fa   0x00000338   Code   RO         9966    CL$$btod_div_common  c_w.l(btod.o)
    0x08001a32   0x08001a32   0x000000dc   Code   RO         9963    CL$$btod_e2e        c_w.l(btod.o)
    0x08001b0e   0x08001b0e   0x0000002a   Code   RO         9960    CL$$btod_ediv       c_w.l(btod.o)
    0x08001b38   0x08001b38   0x0000002a   Code   RO         9959    CL$$btod_emul       c_w.l(btod.o)
    0x08001b62   0x08001b62   0x00000244   Code   RO         9965    CL$$btod_mult_common  c_w.l(btod.o)
    0x08001da6   0x08001da6   0x00000002   Code   RO          356    i.BusFault_Handler  stm32f4xx_it.o
    0x08001da8   0x08001da8   0x00000008   Code   RO         3417    i.CDC_Control_FS    usbd_cdc_if.o
    0x08001db0   0x08001db0   0x00000004   Code   RO         3418    i.CDC_DeInit_FS     usbd_cdc_if.o
    0x08001db4   0x08001db4   0x00000024   Code   RO         3419    i.CDC_Init_FS       usbd_cdc_if.o
    0x08001dd8   0x08001dd8   0x00000018   Code   RO         3420    i.CDC_Receive_FS    usbd_cdc_if.o
    0x08001df0   0x08001df0   0x00000004   Code   RO         3421    i.CDC_TransmitCplt_FS  usbd_cdc_if.o
    0x08001df4   0x08001df4   0x0000002c   Code   RO         3422    i.CDC_Transmit_FS   usbd_cdc_if.o
    0x08001e20   0x08001e20   0x00000002   Code   RO          357    i.DebugMon_Handler  stm32f4xx_it.o
    0x08001e22   0x08001e22   0x00000004   Code   RO           13    i.Error_Handler     main.o
    0x08001e26   0x08001e26   0x00000002   PAD
    0x08001e28   0x08001e28   0x00000038   Code   RO         3326    i.Get_SerialNum     usbd_desc.o
    0x08001e60   0x08001e60   0x00000024   Code   RO         2024    i.HAL_Delay         stm32f4xx_hal.o
    0x08001e84   0x08001e84   0x000001dc   Code   RO         1474    i.HAL_GPIO_Init     stm32f4xx_hal_gpio.o
    0x08002060   0x08002060   0x0000000a   Code   RO         1478    i.HAL_GPIO_WritePin  stm32f4xx_hal_gpio.o
    0x0800206a   0x0800206a   0x00000002   PAD
    0x0800206c   0x0800206c   0x0000000c   Code   RO         2030    i.HAL_GetTick       stm32f4xx_hal.o
    0x08002078   0x08002078   0x00000010   Code   RO         2036    i.HAL_IncTick       stm32f4xx_hal.o
    0x08002088   0x08002088   0x00000034   Code   RO         2037    i.HAL_Init          stm32f4xx_hal.o
    0x080020bc   0x080020bc   0x00000040   Code   RO         2038    i.HAL_InitTick      stm32f4xx_hal.o
    0x080020fc   0x080020fc   0x00000030   Code   RO          438    i.HAL_MspInit       stm32f4xx_hal_msp.o
    0x0800212c   0x0800212c   0x0000001a   Code   RO         1887    i.HAL_NVIC_EnableIRQ  stm32f4xx_hal_cortex.o
    0x08002146   0x08002146   0x00000002   PAD
    0x08002148   0x08002148   0x00000040   Code   RO         1893    i.HAL_NVIC_SetPriority  stm32f4xx_hal_cortex.o
    0x08002188   0x08002188   0x00000024   Code   RO         1894    i.HAL_NVIC_SetPriorityGrouping  stm32f4xx_hal_cortex.o
    0x080021ac   0x080021ac   0x00000028   Code   RO          701    i.HAL_PCDEx_ActivateLPM  stm32f4xx_hal_pcd_ex.o
    0x080021d4   0x080021d4   0x00000002   Code   RO          706    i.HAL_PCDEx_LPM_Callback  stm32f4xx_hal_pcd_ex.o
    0x080021d6   0x080021d6   0x00000008   Code   RO          707    i.HAL_PCDEx_SetRxFiFo  stm32f4xx_hal_pcd_ex.o
    0x080021de   0x080021de   0x00000044   Code   RO          708    i.HAL_PCDEx_SetTxFiFo  stm32f4xx_hal_pcd_ex.o
    0x08002222   0x08002222   0x00000008   Code   RO         3487    i.HAL_PCD_ConnectCallback  usbd_conf.o
    0x0800222a   0x0800222a   0x00000012   Code   RO         3488    i.HAL_PCD_DataInStageCallback  usbd_conf.o
    0x0800223c   0x0800223c   0x00000014   Code   RO         3489    i.HAL_PCD_DataOutStageCallback  usbd_conf.o
    0x08002250   0x08002250   0x00000008   Code   RO         3490    i.HAL_PCD_DisconnectCallback  usbd_conf.o
    0x08002258   0x08002258   0x0000001e   Code   RO          471    i.HAL_PCD_EP_Abort  stm32f4xx_hal_pcd.o
    0x08002276   0x08002276   0x0000004c   Code   RO          472    i.HAL_PCD_EP_Close  stm32f4xx_hal_pcd.o
    0x080022c2   0x080022c2   0x0000005c   Code   RO          473    i.HAL_PCD_EP_ClrStall  stm32f4xx_hal_pcd.o
    0x0800231e   0x0800231e   0x00000012   Code   RO          475    i.HAL_PCD_EP_GetRxCount  stm32f4xx_hal_pcd.o
    0x08002330   0x08002330   0x00000060   Code   RO          476    i.HAL_PCD_EP_Open   stm32f4xx_hal_pcd.o
    0x08002390   0x08002390   0x00000048   Code   RO          477    i.HAL_PCD_EP_Receive  stm32f4xx_hal_pcd.o
    0x080023d8   0x080023d8   0x00000074   Code   RO          478    i.HAL_PCD_EP_SetStall  stm32f4xx_hal_pcd.o
    0x0800244c   0x0800244c   0x00000040   Code   RO          479    i.HAL_PCD_EP_Transmit  stm32f4xx_hal_pcd.o
    0x0800248c   0x0800248c   0x0000059c   Code   RO          481    i.HAL_PCD_IRQHandler  stm32f4xx_hal_pcd.o
    0x08002a28   0x08002a28   0x00000008   Code   RO         3491    i.HAL_PCD_ISOINIncompleteCallback  usbd_conf.o
    0x08002a30   0x08002a30   0x00000008   Code   RO         3492    i.HAL_PCD_ISOOUTIncompleteCallback  usbd_conf.o
    0x08002a38   0x08002a38   0x000000ee   Code   RO          484    i.HAL_PCD_Init      stm32f4xx_hal_pcd.o
    0x08002b26   0x08002b26   0x00000002   PAD
    0x08002b28   0x08002b28   0x000000a4   Code   RO         3494    i.HAL_PCD_MspInit   usbd_conf.o
    0x08002bcc   0x08002bcc   0x00000026   Code   RO         3495    i.HAL_PCD_ResetCallback  usbd_conf.o
    0x08002bf2   0x08002bf2   0x00000008   Code   RO         3496    i.HAL_PCD_ResumeCallback  usbd_conf.o
    0x08002bfa   0x08002bfa   0x00000008   Code   RO         3497    i.HAL_PCD_SOFCallback  usbd_conf.o
    0x08002c02   0x08002c02   0x00000028   Code   RO          490    i.HAL_PCD_SetAddress  stm32f4xx_hal_pcd.o
    0x08002c2a   0x08002c2a   0x0000000e   Code   RO         3498    i.HAL_PCD_SetupStageCallback  usbd_conf.o
    0x08002c38   0x08002c38   0x00000042   Code   RO          493    i.HAL_PCD_Start     stm32f4xx_hal_pcd.o
    0x08002c7a   0x08002c7a   0x00000002   PAD
    0x08002c7c   0x08002c7c   0x00000030   Code   RO         3499    i.HAL_PCD_SuspendCallback  usbd_conf.o
    0x08002cac   0x08002cac   0x000000a8   Code   RO         2290    i.HAL_QSPI_Init     stm32f4xx_hal_qspi.o
    0x08002d54   0x08002d54   0x000000c0   Code   RO          231    i.HAL_QSPI_MspInit  quadspi.o
    0x08002e14   0x08002e14   0x00000338   Code   RO         1183    i.HAL_RCCEx_PeriphCLKConfig  stm32f4xx_hal_rcc_ex.o
    0x0800314c   0x0800314c   0x00000134   Code   RO         1078    i.HAL_RCC_ClockConfig  stm32f4xx_hal_rcc.o
    0x08003280   0x08003280   0x0000000c   Code   RO         1083    i.HAL_RCC_GetHCLKFreq  stm32f4xx_hal_rcc.o
    0x0800328c   0x0800328c   0x00000020   Code   RO         1085    i.HAL_RCC_GetPCLK1Freq  stm32f4xx_hal_rcc.o
    0x080032ac   0x080032ac   0x00000020   Code   RO         1086    i.HAL_RCC_GetPCLK2Freq  stm32f4xx_hal_rcc.o
    0x080032cc   0x080032cc   0x00000060   Code   RO         1087    i.HAL_RCC_GetSysClockFreq  stm32f4xx_hal_rcc.o
    0x0800332c   0x0800332c   0x00000380   Code   RO         1187    i.HAL_RCC_OscConfig  stm32f4xx_hal_rcc_ex.o
    0x080036ac   0x080036ac   0x000000bc   Code   RO         2553    i.HAL_SPI_Init      stm32f4xx_hal_spi.o
    0x08003768   0x08003768   0x00000090   Code   RO          273    i.HAL_SPI_MspInit   spi.o
    0x080037f8   0x080037f8   0x00000028   Code   RO         1898    i.HAL_SYSTICK_Config  stm32f4xx_hal_cortex.o
    0x08003820   0x08003820   0x00000062   Code   RO         2929    i.HAL_UART_Init     stm32f4xx_hal_uart.o
    0x08003882   0x08003882   0x00000002   PAD
    0x08003884   0x08003884   0x00000068   Code   RO          315    i.HAL_UART_MspInit  usart.o
    0x080038ec   0x080038ec   0x00000002   Code   RO          358    i.HardFault_Handler  stm32f4xx_it.o
    0x080038ee   0x080038ee   0x0000003e   Code   RO         3327    i.IntToUnicode      usbd_desc.o
    0x0800392c   0x0800392c   0x000000fc   Code   RO          206    i.MX_GPIO_Init      gpio.o
    0x08003a28   0x08003a28   0x0000003c   Code   RO          232    i.MX_QUADSPI_Init   quadspi.o
    0x08003a64   0x08003a64   0x00000044   Code   RO          274    i.MX_SPI1_Init      spi.o
    0x08003aa8   0x08003aa8   0x00000038   Code   RO          316    i.MX_USART2_UART_Init  usart.o
    0x08003ae0   0x08003ae0   0x00000054   Code   RO         3295    i.MX_USB_DEVICE_Init  usb_device.o
    0x08003b34   0x08003b34   0x00000002   Code   RO          359    i.MemManage_Handler  stm32f4xx_it.o
    0x08003b36   0x08003b36   0x00000002   Code   RO          360    i.NMI_Handler       stm32f4xx_it.o
    0x08003b38   0x08003b38   0x0000000c   Code   RO          361    i.OTG_FS_IRQHandler  stm32f4xx_it.o
    0x08003b44   0x08003b44   0x000000cc   Code   RO          497    i.PCD_EP_OutXfrComplete_int  stm32f4xx_hal_pcd.o
    0x08003c10   0x08003c10   0x000000a2   Code   RO          498    i.PCD_WriteEmptyTxFifo  stm32f4xx_hal_pcd.o
    0x08003cb2   0x08003cb2   0x00000002   Code   RO          362    i.PendSV_Handler    stm32f4xx_it.o
    0x08003cb4   0x08003cb4   0x00000048   Code   RO         2316    i.QSPI_WaitFlagStateUntilTimeout  stm32f4xx_hal_qspi.o
    0x08003cfc   0x08003cfc   0x00000002   Code   RO          363    i.SVC_Handler       stm32f4xx_it.o
    0x08003cfe   0x08003cfe   0x00000004   Code   RO          364    i.SysTick_Handler   stm32f4xx_it.o
    0x08003d02   0x08003d02   0x00000002   PAD
    0x08003d04   0x08003d04   0x00000094   Code   RO           14    i.SystemClock_Config  main.o
    0x08003d98   0x08003d98   0x00000010   Code   RO         3258    i.SystemInit        system_stm32f4xx.o
    0x08003da8   0x08003da8   0x00000120   Code   RO         2955    i.UART_SetConfig    stm32f4xx_hal_uart.o
    0x08003ec8   0x08003ec8   0x00000078   Code   RO         4014    i.USBD_CDC_DataIn   usbd_cdc.o
    0x08003f40   0x08003f40   0x0000003e   Code   RO         4015    i.USBD_CDC_DataOut  usbd_cdc.o
    0x08003f7e   0x08003f7e   0x00000002   PAD
    0x08003f80   0x08003f80   0x00000094   Code   RO         4016    i.USBD_CDC_DeInit   usbd_cdc.o
    0x08004014   0x08004014   0x00000038   Code   RO         4017    i.USBD_CDC_EP0_RxReady  usbd_cdc.o
    0x0800404c   0x0800404c   0x0000000c   Code   RO         4018    i.USBD_CDC_GetDeviceQualifierDescriptor  usbd_cdc.o
    0x08004058   0x08004058   0x0000003c   Code   RO         4019    i.USBD_CDC_GetFSCfgDesc  usbd_cdc.o
    0x08004094   0x08004094   0x00000040   Code   RO         4020    i.USBD_CDC_GetHSCfgDesc  usbd_cdc.o
    0x080040d4   0x080040d4   0x0000003c   Code   RO         4021    i.USBD_CDC_GetOtherSpeedCfgDesc  usbd_cdc.o
    0x08004110   0x08004110   0x00000160   Code   RO         4022    i.USBD_CDC_Init     usbd_cdc.o
    0x08004270   0x08004270   0x00000048   Code   RO         4023    i.USBD_CDC_ReceivePacket  usbd_cdc.o
    0x080042b8   0x080042b8   0x00000018   Code   RO         4024    i.USBD_CDC_RegisterInterface  usbd_cdc.o
    0x080042d0   0x080042d0   0x0000001c   Code   RO         4025    i.USBD_CDC_SetRxBuffer  usbd_cdc.o
    0x080042ec   0x080042ec   0x00000020   Code   RO         4026    i.USBD_CDC_SetTxBuffer  usbd_cdc.o
    0x0800430c   0x0800430c   0x00000110   Code   RO         4027    i.USBD_CDC_Setup    usbd_cdc.o
    0x0800441c   0x0800441c   0x00000054   Code   RO         4028    i.USBD_CDC_TransmitPacket  usbd_cdc.o
    0x08004470   0x08004470   0x00000014   Code   RO         3694    i.USBD_ClrClassConfig  usbd_core.o
    0x08004484   0x08004484   0x00000026   Code   RO         3856    i.USBD_ClrFeature   usbd_ctlreq.o
    0x080044aa   0x080044aa   0x00000004   Code   RO         3695    i.USBD_CoreFindEP   usbd_core.o
    0x080044ae   0x080044ae   0x00000004   Code   RO         3696    i.USBD_CoreFindIF   usbd_core.o
    0x080044b2   0x080044b2   0x00000010   Code   RO         3954    i.USBD_CtlContinueRx  usbd_ioreq.o
    0x080044c2   0x080044c2   0x00000010   Code   RO         3955    i.USBD_CtlContinueSendData  usbd_ioreq.o
    0x080044d2   0x080044d2   0x00000018   Code   RO         3857    i.USBD_CtlError     usbd_ctlreq.o
    0x080044ea   0x080044ea   0x0000001e   Code   RO         3956    i.USBD_CtlPrepareRx  usbd_ioreq.o
    0x08004508   0x08004508   0x00000016   Code   RO         3957    i.USBD_CtlReceiveStatus  usbd_ioreq.o
    0x0800451e   0x0800451e   0x0000001a   Code   RO         3958    i.USBD_CtlSendData  usbd_ioreq.o
    0x08004538   0x08004538   0x00000016   Code   RO         3959    i.USBD_CtlSendStatus  usbd_ioreq.o
    0x0800454e   0x0800454e   0x00000002   PAD
    0x08004550   0x08004550   0x00000030   Code   RO         3328    i.USBD_FS_ConfigStrDescriptor  usbd_desc.o
    0x08004580   0x08004580   0x0000000c   Code   RO         3329    i.USBD_FS_DeviceDescriptor  usbd_desc.o
    0x0800458c   0x0800458c   0x00000034   Code   RO         3330    i.USBD_FS_InterfaceStrDescriptor  usbd_desc.o
    0x080045c0   0x080045c0   0x0000000c   Code   RO         3331    i.USBD_FS_LangIDStrDescriptor  usbd_desc.o
    0x080045cc   0x080045cc   0x00000028   Code   RO         3332    i.USBD_FS_ManufacturerStrDescriptor  usbd_desc.o
    0x080045f4   0x080045f4   0x0000003c   Code   RO         3333    i.USBD_FS_ProductStrDescriptor  usbd_desc.o
    0x08004630   0x08004630   0x00000014   Code   RO         3334    i.USBD_FS_SerialStrDescriptor  usbd_desc.o
    0x08004644   0x08004644   0x00000034   Code   RO         3858    i.USBD_GetConfig    usbd_ctlreq.o
    0x08004678   0x08004678   0x000001b4   Code   RO         3859    i.USBD_GetDescriptor  usbd_ctlreq.o
    0x0800482c   0x0800482c   0x0000003c   Code   RO         3698    i.USBD_GetEpDesc    usbd_core.o
    0x08004868   0x08004868   0x00000018   Code   RO         3860    i.USBD_GetLen       usbd_ctlreq.o
    0x08004880   0x08004880   0x0000000e   Code   RO         3699    i.USBD_GetNextDesc  usbd_core.o
    0x0800488e   0x0800488e   0x00000036   Code   RO         3861    i.USBD_GetStatus    usbd_ctlreq.o
    0x080048c4   0x080048c4   0x00000044   Code   RO         3862    i.USBD_GetString    usbd_ctlreq.o
    0x08004908   0x08004908   0x00000024   Code   RO         3500    i.USBD_Get_USB_Status  usbd_conf.o
    0x0800492c   0x0800492c   0x00000028   Code   RO         3700    i.USBD_Init         usbd_core.o
    0x08004954   0x08004954   0x00000012   Code   RO         3501    i.USBD_LL_ClearStallEP  usbd_conf.o
    0x08004966   0x08004966   0x00000012   Code   RO         3502    i.USBD_LL_CloseEP   usbd_conf.o
    0x08004978   0x08004978   0x000000dc   Code   RO         3701    i.USBD_LL_DataInStage  usbd_core.o
    0x08004a54   0x08004a54   0x000000d0   Code   RO         3702    i.USBD_LL_DataOutStage  usbd_core.o
    0x08004b24   0x08004b24   0x00000004   Code   RO         3703    i.USBD_LL_DevConnected  usbd_core.o
    0x08004b28   0x08004b28   0x00000020   Code   RO         3704    i.USBD_LL_DevDisconnected  usbd_core.o
    0x08004b48   0x08004b48   0x00000008   Code   RO         3506    i.USBD_LL_GetRxDataSize  usbd_conf.o
    0x08004b50   0x08004b50   0x00000064   Code   RO         3507    i.USBD_LL_Init      usbd_conf.o
    0x08004bb4   0x08004bb4   0x00000022   Code   RO         3508    i.USBD_LL_IsStallEP  usbd_conf.o
    0x08004bd6   0x08004bd6   0x0000002a   Code   RO         3705    i.USBD_LL_IsoINIncomplete  usbd_core.o
    0x08004c00   0x08004c00   0x0000002a   Code   RO         3706    i.USBD_LL_IsoOUTIncomplete  usbd_core.o
    0x08004c2a   0x08004c2a   0x00000018   Code   RO         3509    i.USBD_LL_OpenEP    usbd_conf.o
    0x08004c42   0x08004c42   0x00000012   Code   RO         3510    i.USBD_LL_PrepareReceive  usbd_conf.o
    0x08004c54   0x08004c54   0x00000060   Code   RO         3707    i.USBD_LL_Reset     usbd_core.o
    0x08004cb4   0x08004cb4   0x00000014   Code   RO         3708    i.USBD_LL_Resume    usbd_core.o
    0x08004cc8   0x08004cc8   0x0000001a   Code   RO         3709    i.USBD_LL_SOF       usbd_core.o
    0x08004ce2   0x08004ce2   0x00000006   Code   RO         3710    i.USBD_LL_SetSpeed  usbd_core.o
    0x08004ce8   0x08004ce8   0x00000012   Code   RO         3511    i.USBD_LL_SetUSBAddress  usbd_conf.o
    0x08004cfa   0x08004cfa   0x00000064   Code   RO         3711    i.USBD_LL_SetupStage  usbd_core.o
    0x08004d5e   0x08004d5e   0x00000012   Code   RO         3512    i.USBD_LL_StallEP   usbd_conf.o
    0x08004d70   0x08004d70   0x00000012   Code   RO         3513    i.USBD_LL_Start     usbd_conf.o
    0x08004d82   0x08004d82   0x00000012   Code   RO         3712    i.USBD_LL_Suspend   usbd_core.o
    0x08004d94   0x08004d94   0x00000012   Code   RO         3515    i.USBD_LL_Transmit  usbd_conf.o
    0x08004da6   0x08004da6   0x00000032   Code   RO         3863    i.USBD_ParseSetupRequest  usbd_ctlreq.o
    0x08004dd8   0x08004dd8   0x0000003a   Code   RO         3713    i.USBD_RegisterClass  usbd_core.o
    0x08004e12   0x08004e12   0x00000004   Code   RO         3714    i.USBD_RunTestMode  usbd_core.o
    0x08004e16   0x08004e16   0x00000058   Code   RO         3864    i.USBD_SetAddress   usbd_ctlreq.o
    0x08004e6e   0x08004e6e   0x00000014   Code   RO         3715    i.USBD_SetClassConfig  usbd_core.o
    0x08004e82   0x08004e82   0x00000002   PAD
    0x08004e84   0x08004e84   0x000000dc   Code   RO         3865    i.USBD_SetConfig    usbd_ctlreq.o
    0x08004f60   0x08004f60   0x00000024   Code   RO         3866    i.USBD_SetFeature   usbd_ctlreq.o
    0x08004f84   0x08004f84   0x00000004   Code   RO         3716    i.USBD_Start        usbd_core.o
    0x08004f88   0x08004f88   0x00000076   Code   RO         3867    i.USBD_StdDevReq    usbd_ctlreq.o
    0x08004ffe   0x08004ffe   0x0000022e   Code   RO         3868    i.USBD_StdEPReq     usbd_ctlreq.o
    0x0800522c   0x0800522c   0x0000008e   Code   RO         3869    i.USBD_StdItfReq    usbd_ctlreq.o
    0x080052ba   0x080052ba   0x00000002   Code   RO         3516    i.USBD_static_free  usbd_conf.o
    0x080052bc   0x080052bc   0x00000008   Code   RO         3517    i.USBD_static_malloc  usbd_conf.o
    0x080052c4   0x080052c4   0x00000080   Code   RO          773    i.USB_ActivateEndpoint  stm32f4xx_ll_usb.o
    0x08005344   0x08005344   0x0000001c   Code   RO          775    i.USB_ActivateSetup  stm32f4xx_ll_usb.o
    0x08005360   0x08005360   0x00000074   Code   RO          777    i.USB_CoreInit      stm32f4xx_ll_usb.o
    0x080053d4   0x080053d4   0x00000040   Code   RO          778    i.USB_CoreReset     stm32f4xx_ll_usb.o
    0x08005414   0x08005414   0x000000cc   Code   RO          781    i.USB_DeactivateEndpoint  stm32f4xx_ll_usb.o
    0x080054e0   0x080054e0   0x0000001c   Code   RO          782    i.USB_DevConnect    stm32f4xx_ll_usb.o
    0x080054fc   0x080054fc   0x0000001c   Code   RO          783    i.USB_DevDisconnect  stm32f4xx_ll_usb.o
    0x08005518   0x08005518   0x00000170   Code   RO          784    i.USB_DevInit       stm32f4xx_ll_usb.o
    0x08005688   0x08005688   0x0000000c   Code   RO          785    i.USB_DisableGlobalInt  stm32f4xx_ll_usb.o
    0x08005694   0x08005694   0x0000011c   Code   RO          788    i.USB_EP0StartXfer  stm32f4xx_ll_usb.o
    0x080057b0   0x080057b0   0x00000058   Code   RO          789    i.USB_EP0_OutStart  stm32f4xx_ll_usb.o
    0x08005808   0x08005808   0x00000058   Code   RO          790    i.USB_EPClearStall  stm32f4xx_ll_usb.o
    0x08005860   0x08005860   0x00000058   Code   RO          791    i.USB_EPSetStall    stm32f4xx_ll_usb.o
    0x080058b8   0x080058b8   0x000001e4   Code   RO          792    i.USB_EPStartXfer   stm32f4xx_ll_usb.o
    0x08005a9c   0x08005a9c   0x0000009e   Code   RO          793    i.USB_EPStopXfer    stm32f4xx_ll_usb.o
    0x08005b3a   0x08005b3a   0x0000000c   Code   RO          794    i.USB_EnableGlobalInt  stm32f4xx_ll_usb.o
    0x08005b46   0x08005b46   0x00000002   PAD
    0x08005b48   0x08005b48   0x0000003c   Code   RO          795    i.USB_FlushRxFifo   stm32f4xx_ll_usb.o
    0x08005b84   0x08005b84   0x00000040   Code   RO          796    i.USB_FlushTxFifo   stm32f4xx_ll_usb.o
    0x08005bc4   0x08005bc4   0x0000001a   Code   RO          798    i.USB_GetDevSpeed   stm32f4xx_ll_usb.o
    0x08005bde   0x08005bde   0x00000008   Code   RO          800    i.USB_GetMode       stm32f4xx_ll_usb.o
    0x08005be6   0x08005be6   0x0000000e   Code   RO          807    i.USB_ReadDevAllInEpInterrupt  stm32f4xx_ll_usb.o
    0x08005bf4   0x08005bf4   0x0000000e   Code   RO          808    i.USB_ReadDevAllOutEpInterrupt  stm32f4xx_ll_usb.o
    0x08005c02   0x08005c02   0x00000024   Code   RO          809    i.USB_ReadDevInEPInterrupt  stm32f4xx_ll_usb.o
    0x08005c26   0x08005c26   0x00000010   Code   RO          810    i.USB_ReadDevOutEPInterrupt  stm32f4xx_ll_usb.o
    0x08005c36   0x08005c36   0x00000008   Code   RO          811    i.USB_ReadInterrupts  stm32f4xx_ll_usb.o
    0x08005c3e   0x08005c3e   0x0000003e   Code   RO          812    i.USB_ReadPacket    stm32f4xx_ll_usb.o
    0x08005c7c   0x08005c7c   0x0000005c   Code   RO          814    i.USB_SetCurrentMode  stm32f4xx_ll_usb.o
    0x08005cd8   0x08005cd8   0x00000022   Code   RO          815    i.USB_SetDevAddress  stm32f4xx_ll_usb.o
    0x08005cfa   0x08005cfa   0x00000002   PAD
    0x08005cfc   0x08005cfc   0x000000e8   Code   RO          817    i.USB_SetTurnaroundTime  stm32f4xx_ll_usb.o
    0x08005de4   0x08005de4   0x00000028   Code   RO          820    i.USB_WritePacket   stm32f4xx_ll_usb.o
    0x08005e0c   0x08005e0c   0x00000002   Code   RO          365    i.UsageFault_Handler  stm32f4xx_it.o
    0x08005e0e   0x08005e0e   0x00000030   Code   RO         9937    i.__ARM_fpclassify  m_wm.l(fpclassify.o)
    0x08005e3e   0x08005e3e   0x00000020   Code   RO         1900    i.__NVIC_SetPriority  stm32f4xx_hal_cortex.o
    0x08005e5e   0x08005e5e   0x0000000e   Code   RO         9794    i._is_digit         c_w.l(__printf_wp.o)
    0x08005e6c   0x08005e6c   0x0000005c   Code   RO           15    i.main              main.o
    0x08005ec8   0x08005ec8   0x00000024   Code   RO         3423    i.usb_printf        usbd_cdc_if.o
    0x08005eec   0x08005eec   0x0000002c   Code   RO         9979    locale$$code        c_w.l(lc_numeric_c.o)
    0x08005f18   0x08005f18   0x0000002c   Code   RO         9998    locale$$code        c_w.l(lc_ctype_c.o)
    0x08005f44   0x08005f44   0x0000000a   Code   RO        10066    x$fpl$fpinit        fz_wm.l(fpinit.o)
    0x08005f4e   0x08005f4e   0x00000004   Code   RO         9841    x$fpl$printf1       fz_wm.l(printf1.o)
    0x08005f52   0x08005f52   0x00000004   Code   RO         9843    x$fpl$printf2       fz_wm.l(printf2.o)
    0x08005f56   0x08005f56   0x00000000   Code   RO         9849    x$fpl$usenofp       fz_wm.l(usenofp.o)
    0x08005f56   0x08005f56   0x00000010   Data   RO         3259    .constdata          system_stm32f4xx.o
    0x08005f66   0x08005f66   0x00000008   Data   RO         3260    .constdata          system_stm32f4xx.o
    0x08005f6e   0x08005f6e   0x00000002   PAD
    0x08005f70   0x08005f70   0x00000008   Data   RO         9753    .constdata          c_w.l(_printf_wctomb.o)
    0x08005f78   0x08005f78   0x00000028   Data   RO         9782    .constdata          c_w.l(_printf_hex_int_ll_ptr.o)
    0x08005fa0   0x08005fa0   0x00000011   Data   RO         9802    .constdata          c_w.l(__printf_flags_ss_wp.o)
    0x08005fb1   0x08005fb1   0x00000026   Data   RO         9926    .constdata          c_w.l(_printf_fp_hex.o)
    0x08005fd7   0x08005fd7   0x00000001   PAD
    0x08005fd8   0x08005fd8   0x00000094   Data   RO         9954    .constdata          c_w.l(bigflt0.o)
    0x0800606c   0x0800606c   0x00000020   Data   RO        10124    Region$$Table       anon$$obj.o
    0x0800608c   0x0800608c   0x0000001c   Data   RO         9978    locale$$data        c_w.l(lc_numeric_c.o)
    0x080060a8   0x080060a8   0x00000110   Data   RO         9997    locale$$data        c_w.l(lc_ctype_c.o)


    Execution Region RW_IRAM1 (Exec base: 0x20000000, Load base: 0x080061b8, Size: 0x00002458, Max: 0x00050000, ABSOLUTE)

    Exec Addr    Load Addr    Size         Type   Attr      Idx    E Section Name        Object

    0x20000000   0x080061b8   0x0000000c   Data   RW         2044    .data               stm32f4xx_hal.o
    0x2000000c   0x080061c4   0x00000004   Data   RW         3261    .data               system_stm32f4xx.o
    0x20000010   0x080061c8   0x0000001c   Data   RW         3336    .data               usbd_desc.o
    0x2000002c   0x080061e4   0x00000032   Data   RW         3337    .data               usbd_desc.o
    0x2000005e   0x08006216   0x00000002   PAD
    0x20000060   0x08006218   0x00000014   Data   RW         3425    .data               usbd_cdc_if.o
    0x20000074   0x0800622c   0x00000001   Data   RW         3870    .data               usbd_ctlreq.o
    0x20000075   0x0800622d   0x00000003   PAD
    0x20000078   0x08006230   0x00000053   Data   RW         4029    .data               usbd_cdc.o
    0x200000cb   0x08006283   0x00000001   PAD
    0x200000cc   0x08006284   0x00000038   Data   RW         4030    .data               usbd_cdc.o
    0x20000104        -       0x0000004c   Zero   RW          233    .bss                quadspi.o
    0x20000150        -       0x00000058   Zero   RW          275    .bss                spi.o
    0x200001a8        -       0x00000044   Zero   RW          317    .bss                usart.o
    0x200001ec        -       0x000002dc   Zero   RW         3296    .bss                usb_device.o
    0x200004c8        -       0x00000200   Zero   RW         3335    .bss                usbd_desc.o
    0x200006c8        -       0x00001000   Zero   RW         3424    .bss                usbd_cdc_if.o
    0x200016c8        -       0x0000072c   Zero   RW         3518    .bss                usbd_conf.o
    0x20001df4        -       0x00000060   Zero   RW         9940    .bss                c_w.l(libspace.o)
    0x20001e54   0x080062bc   0x00000004   PAD
    0x20001e58        -       0x00000200   Zero   RW            2    HEAP                startup_stm32f413xx.o
    0x20002058        -       0x00000400   Zero   RW            1    STACK               startup_stm32f413xx.o


==============================================================================

Image component sizes


      Code (inc. data)   RO Data    RW Data    ZI Data      Debug   Object Name

       252         20          0          0          0        983   gpio.o
       244         48          0          0          0     699915   main.o
       252         30          0          0         76       1733   quadspi.o
       212         24          0          0         88       1641   spi.o
        64         26        472          0       1536        820   startup_stm32f413xx.o
       180         28          0         12          0       9337   stm32f4xx_hal.o
       198         14          0          0          0      33979   stm32f4xx_hal_cortex.o
       486         40          0          0          0       2112   stm32f4xx_hal_gpio.o
        48          6          0          0          0        806   stm32f4xx_hal_msp.o
      2710         14          0          0          0      13372   stm32f4xx_hal_pcd.o
       118          6          0          0          0       3027   stm32f4xx_hal_pcd_ex.o
       240         10          0          0          0       2614   stm32f4xx_hal_qspi.o
       480         58          0          0          0       4024   stm32f4xx_hal_rcc.o
      1720         54          0          0          0       3436   stm32f4xx_hal_rcc_ex.o
       188          0          0          0          0       1147   stm32f4xx_hal_spi.o
       386         18          0          0          0       1964   stm32f4xx_hal_uart.o
        32          6          0          0          0       4382   stm32f4xx_it.o
      2884        134          0          0          0      23219   stm32f4xx_ll_usb.o
        16          4         24          4          0       1055   system_stm32f4xx.o
       160         20          0          0         68       1614   usart.o
        84         18          0          0        732        760   usb_device.o
      1446         40          0        139          0      14229   usbd_cdc.o
       156         24          0         20       4096       5141   usbd_cdc_if.o
       688         32          0          0       1836      16184   usbd_conf.o
      1042          0          0          0          0      15801   usbd_core.o
      1908         28          0          1          0      17612   usbd_ctlreq.o
       362        110          0         78        512       6673   usbd_desc.o
       132          0          0          0          0       4344   usbd_ioreq.o

    ----------------------------------------------------------------------
     16712        812        530        260       8944     891924   Object Totals
         0          0         32          0          0          0   (incl. Generated)
        24          0          2          6          0          0   (incl. Padding)

    ----------------------------------------------------------------------

      Code (inc. data)   RO Data    RW Data    ZI Data      Debug   Library Member Name

         8          0          0          0          0         68   __main.o
       392          4         17          0          0         92   __printf_flags_ss_wp.o
        14          0          0          0          0         68   __printf_wp.o
         0          0          0          0          0          0   __rtentry.o
        12          0          0          0          0          0   __rtentry2.o
         6          0          0          0          0          0   __rtentry4.o
        52          8          0          0          0          0   __scatter.o
        26          0          0          0          0          0   __scatter_copy.o
        28          0          0          0          0          0   __scatter_zi.o
         6          0          0          0          0          0   _printf_a.o
         6          0          0          0          0          0   _printf_c.o
        44          0          0          0          0        108   _printf_char.o
        48          6          0          0          0         96   _printf_char_common.o
        40          0          0          0          0         68   _printf_charcount.o
         6          0          0          0          0          0   _printf_d.o
       120         16          0          0          0         92   _printf_dec.o
         6          0          0          0          0          0   _printf_e.o
         6          0          0          0          0          0   _printf_f.o
      1054          0          0          0          0        216   _printf_fp_dec.o
       764          8         38          0          0        100   _printf_fp_hex.o
       128         16          0          0          0         84   _printf_fp_infnan.o
         6          0          0          0          0          0   _printf_g.o
       148          4         40          0          0        160   _printf_hex_int_ll_ptr.o
         6          0          0          0          0          0   _printf_i.o
       178          0          0          0          0         88   _printf_intcommon.o
        10          0          0          0          0          0   _printf_l.o
         6          0          0          0          0          0   _printf_lc.o
        10          0          0          0          0          0   _printf_ll.o
         6          0          0          0          0          0   _printf_lld.o
         6          0          0          0          0          0   _printf_lli.o
         6          0          0          0          0          0   _printf_llo.o
         6          0          0          0          0          0   _printf_llu.o
         6          0          0          0          0          0   _printf_llx.o
       124         16          0          0          0         92   _printf_longlong_dec.o
         6          0          0          0          0          0   _printf_ls.o
         6          0          0          0          0          0   _printf_n.o
         6          0          0          0          0          0   _printf_o.o
       112         10          0          0          0        124   _printf_oct_int_ll.o
         6          0          0          0          0          0   _printf_p.o
        78          0          0          0          0        108   _printf_pad.o
         0          0          0          0          0          0   _printf_percent.o
         4          0          0          0          0          0   _printf_percent_end.o
         6          0          0          0          0          0   _printf_s.o
        82          0          0          0          0         80   _printf_str.o
        36          0          0          0          0         84   _printf_truncate.o
         6          0          0          0          0          0   _printf_u.o
        44          0          0          0          0        108   _printf_wchar.o
       188          6          8          0          0         92   _printf_wctomb.o
         6          0          0          0          0          0   _printf_x.o
        16          0          0          0          0         68   _snputc.o
        10          0          0          0          0         68   _sputc.o
        64          0          0          0          0         92   _wcrtomb.o
       228          4        148          0          0         96   bigflt0.o
      1936        128          0          0          0        672   btod.o
        18          0          0          0          0         80   exit.o
         6          0          0          0          0        152   heapauxi.o
         0          0          0          0          0          0   indicate_semi.o
        44         10        272          0          0         76   lc_ctype_c.o
        44         10         28          0          0         76   lc_numeric_c.o
         2          0          0          0          0          0   libinit.o
        34          0          0          0          0          0   libinit2.o
         2          0          0          0          0          0   libshutdown.o
         2          0          0          0          0          0   libshutdown2.o
         8          4          0          0         96         68   libspace.o
       138          0          0          0          0         80   lludiv10.o
       238          0          0          0          0        100   lludivv7m.o
        16          4          0          0          0         76   rt_ctype_table.o
         8          4          0          0          0         68   rt_locale_intlibspace.o
        78          0          0          0          0         80   rt_memclr_w.o
       100          0          0          0          0         80   rt_memcpy_w.o
         2          0          0          0          0          0   rtexit.o
        10          0          0          0          0          0   rtexit2.o
       128          0          0          0          0         68   strcmpv7m.o
        12          4          0          0          0         68   sys_exit.o
        74          0          0          0          0         80   sys_stackheap_outer.o
         2          0          0          0          0         68   use_no_semi.o
        52          4          0          0          0         80   vsnprintf.o
        10          0          0          0          0        116   fpinit.o
         4          0          0          0          0        116   printf1.o
         4          0          0          0          0        116   printf2.o
         0          0          0          0          0          0   usenofp.o
        48          0          0          0          0        124   fpclassify.o

    ----------------------------------------------------------------------
      7222        266        552          0        100       4696   Library Totals
        14          0          1          0          4          0   (incl. Padding)

    ----------------------------------------------------------------------

      Code (inc. data)   RO Data    RW Data    ZI Data      Debug   Library Name

      7142        266        551          0         96       4224   c_w.l
        18          0          0          0          0        348   fz_wm.l
        48          0          0          0          0        124   m_wm.l

    ----------------------------------------------------------------------
      7222        266        552          0        100       4696   Library Totals

    ----------------------------------------------------------------------

==============================================================================


      Code (inc. data)   RO Data    RW Data    ZI Data      Debug   

     23934       1078       1082        260       9044     875732   Grand Totals
     23934       1078       1082        260       9044     875732   ELF Image Totals
     23934       1078       1082        260          0          0   ROM Totals

==============================================================================

    Total RO  Size (Code + RO Data)                25016 (  24.43kB)
    Total RW  Size (RW Data + ZI Data)              9304 (   9.09kB)
    Total ROM Size (Code + RO Data + RW Data)      25276 (  24.68kB)

==============================================================================

